<html>
<body>
<pre>
<h1>µVision Build Log</h1>
<h2>Tool Versions:</h2>
IDE-Version: µVision V5.38.0.0
Copyright (C) 2022 ARM Ltd and ARM Germany GmbH. All rights reserved.
License Information: Ignas Gabalis, KTU, LIC=Y5IEQ-7ZWGS-5V91K-C09DL-ZYPSU-1LV4Y
 
Tool Versions:
Toolchain:       MDK-ARM Community  Version: 5.38.0.0
Toolchain Path:  C:\Keil_v5\ARM\ARMCLANG\Bin
C Compiler:      ArmClang.exe V6.19
Assembler:       Armasm.exe V6.19
Linker/Locator:  ArmLink.exe V6.19
Library Manager: ArmAr.exe V6.19
Hex Converter:   FromElf.exe V6.19
CPU DLL:         SARMCM3.DLL V5.38.0.0
Dialog DLL:      DARMCM1.DLL V1.19.6.0
Target DLL:      STLink\ST-LINKIII-KEIL_SWO.dll V3.1.0.0
Dialog DLL:      TARMCM1.DLL V1.14.6.0
 
<h2>Project:</h2>
C:\Users\ignas\Downloads\V2\V2\MDK-ARM\V2.uvprojx
Project File Date:  05/06/2024

<h2>Output:</h2>
*** Using Compiler 'V6.19', folder: 'C:\Keil_v5\ARM\ARMCLANG\Bin'
Build target 'V2'
creating preprocessor file for stm32l0xx_hal_rcc_ex.c...
creating preprocessor file for stm32l0xx_hal.c...
creating preprocessor file for stm32l0xx_hal_flash_ramfunc.c...
creating preprocessor file for stm32l0xx_hal_flash_ex.c...
creating preprocessor file for stm32l0xx_hal_i2c_ex.c...
creating preprocessor file for stm32l0xx_hal_rcc.c...
creating preprocessor file for stm32l0xx_hal_flash.c...
creating preprocessor file for stm32l0xx_hal_msp.c...
creating preprocessor file for stm32l0xx_hal_i2c.c...
creating preprocessor file for stm32l0xx_it.c...
creating preprocessor file for main.c...
creating preprocessor file for stm32l0xx_hal_pwr.c...
creating preprocessor file for stm32l0xx_hal_exti.c...
creating preprocessor file for stm32l0xx_hal_gpio.c...
creating preprocessor file for stm32l0xx_hal_cortex.c...
creating preprocessor file for stm32l0xx_hal_uart.c...
creating preprocessor file for stm32l0xx_hal_dma.c...
creating preprocessor file for stm32l0xx_hal_tim.c...
creating preprocessor file for stm32l0xx_hal_pwr_ex.c...
creating preprocessor file for stm32l0xx_hal_tim_ex.c...
creating preprocessor file for stm32l0xx_hal_uart_ex.c...
creating preprocessor file for system_stm32l0xx.c...
creating preprocessor file for ssd1306.c...
creating preprocessor file for ssd1306_fonts.c...
creating preprocessor file for i2c-lcd.c...
linking...
Program Size: Code=15716 RO-data=516 RW-data=12 ZI-data=2220  
FromELF: creating hex file...
"V2\V2.axf" - 0 Error(s), 0 Warning(s).

<h2>Software Packages used:</h2>

Package Vendor: ARM
                http://www.keil.com/pack/ARM.CMSIS.5.9.0.pack
                ARM.CMSIS.5.9.0
                CMSIS (Common Microcontroller Software Interface Standard)
   * Component: CORE Version: 5.6.0

Package Vendor: Keil
                http://www.keil.com/pack/Keil.STM32L0xx_DFP.2.2.0.pack
                Keil.STM32L0xx_DFP.2.2.0
                STMicroelectronics STM32L0 Series Device Support, Drivers and Examples
   * Component: Startup Version: 1.12.0

<h2>Collection of Component include folders:</h2>
  ./RTE/_V2
  C:/Users/ignas/AppData/Local/Arm/Packs/ARM/CMSIS/5.9.0/CMSIS/Core/Include
  C:/Users/ignas/AppData/Local/Arm/Packs/Keil/STM32L0xx_DFP/2.2.0/Drivers/CMSIS/Device/ST/STM32L0xx/Include

<h2>Collection of Component Files used:</h2>

   * Component: ARM::CMSIS:CORE:5.6.0
      Include file:  CMSIS/Core/Include/tz_context.h

   * Component: Keil.STM32CubeMX::Device:Startup:1.12.0
      Source file:   MDK/Device/Source/ARM/STM32L0xx_OPT.s
Build Time Elapsed:  00:00:02
</pre>
</body>
</html>
