Component: Arm Compiler for Embedded 6.19 Tool: armlink [5e73cb00]

==============================================================================

Section Cross References

    startup_stm32l073xx.o(STACK) refers (Special) to heapauxi.o(.text) for __use_two_region_memory
    startup_stm32l073xx.o(HEAP) refers (Special) to heapauxi.o(.text) for __use_two_region_memory
    startup_stm32l073xx.o(RESET) refers (Special) to heapauxi.o(.text) for __use_two_region_memory
    startup_stm32l073xx.o(RESET) refers to startup_stm32l073xx.o(STACK) for __initial_sp
    startup_stm32l073xx.o(RESET) refers to startup_stm32l073xx.o(.text) for Reset_Handler
    startup_stm32l073xx.o(RESET) refers to stm32l0xx_it.o(.text.NMI_Handler) for NMI_Handler
    startup_stm32l073xx.o(RESET) refers to stm32l0xx_it.o(.text.HardFault_Handler) for HardFault_Handler
    startup_stm32l073xx.o(RESET) refers to stm32l0xx_it.o(.text.SVC_Handler) for SVC_Handler
    startup_stm32l073xx.o(RESET) refers to stm32l0xx_it.o(.text.PendSV_Handler) for PendSV_Handler
    startup_stm32l073xx.o(RESET) refers to stm32l0xx_it.o(.text.SysTick_Handler) for SysTick_Handler
    startup_stm32l073xx.o(RESET) refers to stm32l0xx_it.o(.text.TIM6_DAC_IRQHandler) for TIM6_DAC_IRQHandler
    startup_stm32l073xx.o(.text) refers (Special) to heapauxi.o(.text) for __use_two_region_memory
    startup_stm32l073xx.o(.text) refers to system_stm32l0xx.o(.text.SystemInit) for SystemInit
    startup_stm32l073xx.o(.text) refers to __main.o(!!!main) for __main
    startup_stm32l073xx.o(.text) refers to startup_stm32l073xx.o(HEAP) for Heap_Mem
    startup_stm32l073xx.o(.text) refers to startup_stm32l073xx.o(STACK) for Stack_Mem
    main.o(.text) refers (Special) to _printf_percent.o(.ARM.Collect$$_printf_percent$$00000000) for _printf_percent
    main.o(.text) refers (Special) to _printf_f.o(.ARM.Collect$$_printf_percent$$00000003) for _printf_f
    main.o(.text) refers (Special) to printf1.o(x$fpl$printf1) for _printf_fp_dec
    main.o(.text.adxl_write) refers (Special) to _printf_percent.o(.ARM.Collect$$_printf_percent$$00000000) for _printf_percent
    main.o(.text.adxl_write) refers (Special) to _printf_f.o(.ARM.Collect$$_printf_percent$$00000003) for _printf_f
    main.o(.text.adxl_write) refers (Special) to printf1.o(x$fpl$printf1) for _printf_fp_dec
    main.o(.text.adxl_write) refers to stm32l0xx_hal_i2c.o(.text.HAL_I2C_Master_Transmit) for HAL_I2C_Master_Transmit
    main.o(.text.adxl_write) refers to main.o(.bss.hi2c1) for hi2c1
    main.o(.ARM.exidx.text.adxl_write) refers (Special) to _printf_percent.o(.ARM.Collect$$_printf_percent$$00000000) for _printf_percent
    main.o(.ARM.exidx.text.adxl_write) refers (Special) to _printf_f.o(.ARM.Collect$$_printf_percent$$00000003) for _printf_f
    main.o(.ARM.exidx.text.adxl_write) refers (Special) to printf1.o(x$fpl$printf1) for _printf_fp_dec
    main.o(.ARM.exidx.text.adxl_write) refers to main.o(.text.adxl_write) for [Anonymous Symbol]
    main.o(.text.adxl_read) refers (Special) to _printf_percent.o(.ARM.Collect$$_printf_percent$$00000000) for _printf_percent
    main.o(.text.adxl_read) refers (Special) to _printf_f.o(.ARM.Collect$$_printf_percent$$00000003) for _printf_f
    main.o(.text.adxl_read) refers (Special) to printf1.o(x$fpl$printf1) for _printf_fp_dec
    main.o(.text.adxl_read) refers to stm32l0xx_hal_i2c.o(.text.HAL_I2C_Mem_Read) for HAL_I2C_Mem_Read
    main.o(.text.adxl_read) refers to main.o(.bss.data_rec) for data_rec
    main.o(.text.adxl_read) refers to main.o(.bss.hi2c1) for hi2c1
    main.o(.ARM.exidx.text.adxl_read) refers (Special) to _printf_percent.o(.ARM.Collect$$_printf_percent$$00000000) for _printf_percent
    main.o(.ARM.exidx.text.adxl_read) refers (Special) to _printf_f.o(.ARM.Collect$$_printf_percent$$00000003) for _printf_f
    main.o(.ARM.exidx.text.adxl_read) refers (Special) to printf1.o(x$fpl$printf1) for _printf_fp_dec
    main.o(.ARM.exidx.text.adxl_read) refers to main.o(.text.adxl_read) for [Anonymous Symbol]
    main.o(.text.adxl_init) refers (Special) to _printf_percent.o(.ARM.Collect$$_printf_percent$$00000000) for _printf_percent
    main.o(.text.adxl_init) refers (Special) to _printf_f.o(.ARM.Collect$$_printf_percent$$00000003) for _printf_f
    main.o(.text.adxl_init) refers (Special) to printf1.o(x$fpl$printf1) for _printf_fp_dec
    main.o(.text.adxl_init) refers to stm32l0xx_hal_i2c.o(.text.HAL_I2C_Mem_Read) for HAL_I2C_Mem_Read
    main.o(.text.adxl_init) refers to stm32l0xx_hal_i2c.o(.text.HAL_I2C_Master_Transmit) for HAL_I2C_Master_Transmit
    main.o(.text.adxl_init) refers to main.o(.bss.data_rec) for data_rec
    main.o(.text.adxl_init) refers to main.o(.bss.hi2c1) for hi2c1
    main.o(.ARM.exidx.text.adxl_init) refers (Special) to _printf_percent.o(.ARM.Collect$$_printf_percent$$00000000) for _printf_percent
    main.o(.ARM.exidx.text.adxl_init) refers (Special) to _printf_f.o(.ARM.Collect$$_printf_percent$$00000003) for _printf_f
[...]
    system_stm32l0xx.c                       0x00000000   Number         0  system_stm32l0xx.o ABSOLUTE
    RESET                                    0x08000000   Section      192  startup_stm32l073xx.o(RESET)
    !!!main                                  0x080000c0   Section        8  __main.o(!!!main)
    !!!scatter                               0x080000c8   Section       60  __scatter.o(!!!scatter)
    !!handler_copy                           0x08000104   Section       26  __scatter_copy.o(!!handler_copy)
    !!handler_zi                             0x08000120   Section       28  __scatter_zi.o(!!handler_zi)
    .ARM.Collect$$_printf_percent$$00000000  0x0800013c   Section        2  _printf_percent.o(.ARM.Collect$$_printf_percent$$00000000)
    .ARM.Collect$$_printf_percent$$00000003  0x0800013e   Section       10  _printf_f.o(.ARM.Collect$$_printf_percent$$00000003)
    .ARM.Collect$$_printf_percent$$00000017  0x08000148   Section        4  _printf_percent_end.o(.ARM.Collect$$_printf_percent$$00000017)
    .ARM.Collect$$libinit$$00000000          0x0800014c   Section        2  libinit.o(.ARM.Collect$$libinit$$00000000)
    .ARM.Collect$$libinit$$00000002          0x0800014e   Section        0  libinit2.o(.ARM.Collect$$libinit$$00000002)
    .ARM.Collect$$libinit$$00000004          0x0800014e   Section        0  libinit2.o(.ARM.Collect$$libinit$$00000004)
    .ARM.Collect$$libinit$$00000006          0x0800014e   Section        0  libinit2.o(.ARM.Collect$$libinit$$00000006)
    .ARM.Collect$$libinit$$0000000C          0x0800014e   Section        0  libinit2.o(.ARM.Collect$$libinit$$0000000C)
    .ARM.Collect$$libinit$$0000000E          0x0800014e   Section        0  libinit2.o(.ARM.Collect$$libinit$$0000000E)
    .ARM.Collect$$libinit$$00000010          0x0800014e   Section        0  libinit2.o(.ARM.Collect$$libinit$$00000010)
    .ARM.Collect$$libinit$$00000011          0x0800014e   Section        6  libinit2.o(.ARM.Collect$$libinit$$00000011)
    .ARM.Collect$$libinit$$00000013          0x08000154   Section        0  libinit2.o(.ARM.Collect$$libinit$$00000013)
    .ARM.Collect$$libinit$$00000015          0x08000154   Section        0  libinit2.o(.ARM.Collect$$libinit$$00000015)
    .ARM.Collect$$libinit$$00000017          0x08000154   Section        0  libinit2.o(.ARM.Collect$$libinit$$00000017)
    .ARM.Collect$$libinit$$00000018          0x08000154   Section       10  libinit2.o(.ARM.Collect$$libinit$$00000018)
    .ARM.Collect$$libinit$$00000019          0x0800015e   Section        0  libinit2.o(.ARM.Collect$$libinit$$00000019)
    .ARM.Collect$$libinit$$0000001B          0x0800015e   Section        0  libinit2.o(.ARM.Collect$$libinit$$0000001B)
    .ARM.Collect$$libinit$$0000001D          0x0800015e   Section        0  libinit2.o(.ARM.Collect$$libinit$$0000001D)
    .ARM.Collect$$libinit$$0000001F          0x0800015e   Section        0  libinit2.o(.ARM.Collect$$libinit$$0000001F)
    .ARM.Collect$$libinit$$00000021          0x0800015e   Section        0  libinit2.o(.ARM.Collect$$libinit$$00000021)
    .ARM.Collect$$libinit$$00000023          0x0800015e   Section        0  libinit2.o(.ARM.Collect$$libinit$$00000023)
    .ARM.Collect$$libinit$$00000025          0x0800015e   Section        0  libinit2.o(.ARM.Collect$$libinit$$00000025)
    .ARM.Collect$$libinit$$00000027          0x0800015e   Section        0  libinit2.o(.ARM.Collect$$libinit$$00000027)
    .ARM.Collect$$libinit$$0000002E          0x0800015e   Section        0  libinit2.o(.ARM.Collect$$libinit$$0000002E)
    .ARM.Collect$$libinit$$00000030          0x0800015e   Section        0  libinit2.o(.ARM.Collect$$libinit$$00000030)
    .ARM.Collect$$libinit$$00000032          0x0800015e   Section        0  libinit2.o(.ARM.Collect$$libinit$$00000032)
    .ARM.Collect$$libinit$$00000034          0x0800015e   Section        0  libinit2.o(.ARM.Collect$$libinit$$00000034)
    .ARM.Collect$$libinit$$00000035          0x0800015e   Section        2  libinit2.o(.ARM.Collect$$libinit$$00000035)
    .ARM.Collect$$libshutdown$$00000000      0x08000160   Section        2  libshutdown.o(.ARM.Collect$$libshutdown$$00000000)
    .ARM.Collect$$libshutdown$$00000002      0x08000162   Section        0  libshutdown2.o(.ARM.Collect$$libshutdown$$00000002)
    .ARM.Collect$$libshutdown$$00000004      0x08000162   Section        0  libshutdown2.o(.ARM.Collect$$libshutdown$$00000004)
    .ARM.Collect$$libshutdown$$00000007      0x08000162   Section        0  libshutdown2.o(.ARM.Collect$$libshutdown$$00000007)
    .ARM.Collect$$libshutdown$$0000000A      0x08000162   Section        0  libshutdown2.o(.ARM.Collect$$libshutdown$$0000000A)
    .ARM.Collect$$libshutdown$$0000000C      0x08000162   Section        0  libshutdown2.o(.ARM.Collect$$libshutdown$$0000000C)
    .ARM.Collect$$libshutdown$$0000000F      0x08000162   Section        0  libshutdown2.o(.ARM.Collect$$libshutdown$$0000000F)
    .ARM.Collect$$libshutdown$$00000010      0x08000162   Section        2  libshutdown2.o(.ARM.Collect$$libshutdown$$00000010)
    .ARM.Collect$$rtentry$$00000000          0x08000164   Section        0  __rtentry.o(.ARM.Collect$$rtentry$$00000000)
    .ARM.Collect$$rtentry$$00000002          0x08000164   Section        0  __rtentry2.o(.ARM.Collect$$rtentry$$00000002)
    .ARM.Collect$$rtentry$$00000004          0x08000164   Section        6  __rtentry4.o(.ARM.Collect$$rtentry$$00000004)
    .ARM.Collect$$rtentry$$00000009          0x0800016a   Section        0  __rtentry2.o(.ARM.Collect$$rtentry$$00000009)
    .ARM.Collect$$rtentry$$0000000A          0x0800016a   Section        4  __rtentry2.o(.ARM.Collect$$rtentry$$0000000A)
    .ARM.Collect$$rtentry$$0000000C          0x0800016e   Section        0  __rtentry2.o(.ARM.Collect$$rtentry$$0000000C)
    .ARM.Collect$$rtentry$$0000000D          0x0800016e   Section        8  __rtentry2.o(.ARM.Collect$$rtentry$$0000000D)
    .ARM.Collect$$rtexit$$00000000           0x08000176   Section        2  rtexit.o(.ARM.Collect$$rtexit$$00000000)
    .ARM.Collect$$rtexit$$00000002           0x08000178   Section        0  rtexit2.o(.ARM.Collect$$rtexit$$00000002)
    .ARM.Collect$$rtexit$$00000003           0x08000178   Section        4  rtexit2.o(.ARM.Collect$$rtexit$$00000003)
    .ARM.Collect$$rtexit$$00000004           0x0800017c   Section        6  rtexit2.o(.ARM.Collect$$rtexit$$00000004)
    .text                                    0x08000184   Section       56  startup_stm32l073xx.o(.text)
    .text                                    0x080001bc   Section        0  lludiv.o(.text)
    .text                                    0x080002cc   Section        0  noretval__2snprintf.o(.text)
    .text                                    0x0800030c   Section        0  __printf_wp.o(.text)
    .text                                    0x0800041c   Section        0  strlen.o(.text)
    .text                                    0x08000460   Section        0  rt_memclr.o(.text)
    .text                                    0x080004a0   Section      364  aeabi_sdiv.o(.text)
    .text                                    0x0800060c   Section        0  heapauxi.o(.text)
    .text                                    0x08000614   Section        0  d2f.o(.text)
    .text                                    0x08000690   Section        0  dflti.o(.text)
    .text                                    0x080006e8   Section        0  dmul.o(.text)
    .text                                    0x08000930   Section        0  f2d.o(.text)
    .text                                    0x08000984   Section        0  fdiv.o(.text)
    .text                                    0x08000ae4   Section        0  _rserrno.o(.text)
    _fp_digits                               0x08000afd   Thumb Code   412  _printf_fp_dec.o(.text)
    .text                                    0x08000afc   Section        0  _printf_fp_dec.o(.text)
    _printf_input_char                       0x08000f11   Thumb Code    10  _printf_char_common.o(.text)
    .text                                    0x08000f10   Section        0  _printf_char_common.o(.text)
    .text                                    0x08000f40   Section        0  _snputc.o(.text)
    .text                                    0x08000f50   Section        0  fsqrt.o(.text)
    .text                                    0x08000fe0   Section        8  rt_locale_intlibspace.o(.text)
    .text                                    0x08000fe8   Section        8  rt_errno_addr_intlibspace.o(.text)
    .text                                    0x08000ff0   Section        0  lludiv10.o(.text)
    .text                                    0x0800106c   Section        0  _printf_fp_infnan.o(.text)
    .text                                    0x080010f4   Section        0  bigflt0.o(.text)
    .text                                    0x080011cc   Section        0  btod.o(.text)
    btod_internal_mul                        0x0800120d   Thumb Code   492  btod.o(.text)
    btod_internal_div                        0x080013f9   Thumb Code   520  btod.o(.text)
    .text                                    0x0800174c   Section        0  rtudiv10.o(.text)
    .text                                    0x08001774   Section        8  libspace.o(.text)
    .text                                    0x0800177c   Section       62  sys_stackheap_outer.o(.text)
    .text                                    0x080017ba   Section        0  exit.o(.text)
    .text                                    0x080017cc   Section        0  strcmp.o(.text)
    .text                                    0x08001854   Section        0  sys_exit.o(.text)
    .text                                    0x08001860   Section        2  use_no_semi.o(.text)
    .text                                    0x08001862   Section        0  indicate_semi.o(.text)
    [Anonymous Symbol]                       0x08001864   Section        0  stm32l0xx_hal_gpio.o(.text.HAL_GPIO_Init)
    __arm_cp.0_0                             0x080019d8   Number         4  stm32l0xx_hal_gpio.o(.text.HAL_GPIO_Init)
    __arm_cp.0_1                             0x080019dc   Number         4  stm32l0xx_hal_gpio.o(.text.HAL_GPIO_Init)
    __arm_cp.0_2                             0x080019e0   Number         4  stm32l0xx_hal_gpio.o(.text.HAL_GPIO_Init)
    __arm_cp.0_3                             0x080019e4   Number         4  stm32l0xx_hal_gpio.o(.text.HAL_GPIO_Init)
    [Anonymous Symbol]                       0x080019e8   Section        0  stm32l0xx_hal.o(.text.HAL_GetTick)
    __arm_cp.6_0                             0x080019f0   Number         4  stm32l0xx_hal.o(.text.HAL_GetTick)
    [Anonymous Symbol]                       0x080019f4   Section        0  stm32l0xx_hal_i2c_ex.o(.text.HAL_I2CEx_ConfigAnalogFilter)
    [Anonymous Symbol]                       0x08001a36   Section        0  stm32l0xx_hal_i2c_ex.o(.text.HAL_I2CEx_ConfigDigitalFilter)
    [Anonymous Symbol]                       0x08001a78   Section        0  stm32l0xx_hal_i2c.o(.text.HAL_I2C_Init)
    __arm_cp.0_0                             0x08001b14   Number         4  stm32l0xx_hal_i2c.o(.text.HAL_I2C_Init)
    __arm_cp.0_1                             0x08001b18   Number         4  stm32l0xx_hal_i2c.o(.text.HAL_I2C_Init)
    [Anonymous Symbol]                       0x08001b1c   Section        0  stm32l0xx_hal_i2c.o(.text.HAL_I2C_Master_Transmit)
    __arm_cp.4_2                             0x08001c68   Number         4  stm32l0xx_hal_i2c.o(.text.HAL_I2C_Master_Transmit)
    __arm_cp.4_3                             0x08001c6c   Number         4  stm32l0xx_hal_i2c.o(.text.HAL_I2C_Master_Transmit)
    [Anonymous Symbol]                       0x08001c70   Section        0  stm32l0xx_hal_i2c.o(.text.HAL_I2C_Mem_Read)
    __arm_cp.31_0                            0x08001e58   Number         4  stm32l0xx_hal_i2c.o(.text.HAL_I2C_Mem_Read)
    __arm_cp.31_1                            0x08001e5c   Number         4  stm32l0xx_hal_i2c.o(.text.HAL_I2C_Mem_Read)
    __arm_cp.31_2                            0x08001e60   Number         4  stm32l0xx_hal_i2c.o(.text.HAL_I2C_Mem_Read)
    __arm_cp.31_3                            0x08001e64   Number         4  stm32l0xx_hal_i2c.o(.text.HAL_I2C_Mem_Read)
    __arm_cp.31_4                            0x08001e68   Number         4  stm32l0xx_hal_i2c.o(.text.HAL_I2C_Mem_Read)
    __arm_cp.31_5                            0x08001e6c   Number         4  stm32l0xx_hal_i2c.o(.text.HAL_I2C_Mem_Read)
    __arm_cp.31_6                            0x08001e70   Number         4  stm32l0xx_hal_i2c.o(.text.HAL_I2C_Mem_Read)
    [Anonymous Symbol]                       0x08001e74   Section        0  stm32l0xx_hal_msp.o(.text.HAL_I2C_MspInit)
    __arm_cp.1_0                             0x08001f24   Number         4  stm32l0xx_hal_msp.o(.text.HAL_I2C_MspInit)
    __arm_cp.1_1                             0x08001f28   Number         4  stm32l0xx_hal_msp.o(.text.HAL_I2C_MspInit)
    __arm_cp.1_2                             0x08001f2c   Number         4  stm32l0xx_hal_msp.o(.text.HAL_I2C_MspInit)
    __arm_cp.1_3                             0x08001f30   Number         4  stm32l0xx_hal_msp.o(.text.HAL_I2C_MspInit)
    __arm_cp.1_4                             0x08001f34   Number         4  stm32l0xx_hal_msp.o(.text.HAL_I2C_MspInit)
    [Anonymous Symbol]                       0x08001f38   Section        0  stm32l0xx_hal.o(.text.HAL_IncTick)
    __arm_cp.5_1                             0x08001f48   Number         4  stm32l0xx_hal.o(.text.HAL_IncTick)
    [Anonymous Symbol]                       0x08001f4c   Section        0  stm32l0xx_hal.o(.text.HAL_Init)
    __arm_cp.0_0                             0x08001f70   Number         4  stm32l0xx_hal.o(.text.HAL_Init)
    [Anonymous Symbol]                       0x08001f74   Section        0  stm32l0xx_hal.o(.text.HAL_InitTick)
    __arm_cp.1_0                             0x08001fb0   Number         4  stm32l0xx_hal.o(.text.HAL_InitTick)
    __arm_cp.1_1                             0x08001fb4   Number         4  stm32l0xx_hal.o(.text.HAL_InitTick)
    __arm_cp.1_2                             0x08001fb8   Number         4  stm32l0xx_hal.o(.text.HAL_InitTick)
    [Anonymous Symbol]                       0x08001fbc   Section        0  stm32l0xx_hal_msp.o(.text.HAL_MspInit)
    __arm_cp.0_0                             0x08001fd0   Number         4  stm32l0xx_hal_msp.o(.text.HAL_MspInit)
    [Anonymous Symbol]                       0x08001fd4   Section        0  stm32l0xx_hal_cortex.o(.text.HAL_NVIC_EnableIRQ)
    __arm_cp.1_0                             0x08001fe8   Number         4  stm32l0xx_hal_cortex.o(.text.HAL_NVIC_EnableIRQ)
    [Anonymous Symbol]                       0x08001fec   Section        0  stm32l0xx_hal_cortex.o(.text.HAL_NVIC_SetPriority)
    __arm_cp.0_0                             0x0800201c   Number         4  stm32l0xx_hal_cortex.o(.text.HAL_NVIC_SetPriority)
    __arm_cp.0_1                             0x08002020   Number         4  stm32l0xx_hal_cortex.o(.text.HAL_NVIC_SetPriority)
    [Anonymous Symbol]                       0x08002024   Section        0  stm32l0xx_hal_rcc_ex.o(.text.HAL_RCCEx_PeriphCLKConfig)
    __arm_cp.0_0                             0x08002220   Number         4  stm32l0xx_hal_rcc_ex.o(.text.HAL_RCCEx_PeriphCLKConfig)
    __arm_cp.0_1                             0x08002224   Number         4  stm32l0xx_hal_rcc_ex.o(.text.HAL_RCCEx_PeriphCLKConfig)
    [Anonymous Symbol]                       0x08002228   Section        0  stm32l0xx_hal_rcc.o(.text.HAL_RCC_ClockConfig)
    __arm_cp.3_0                             0x080023b0   Number         4  stm32l0xx_hal_rcc.o(.text.HAL_RCC_ClockConfig)
    __arm_cp.3_1                             0x080023b4   Number         4  stm32l0xx_hal_rcc.o(.text.HAL_RCC_ClockConfig)
    __arm_cp.3_3                             0x080023b8   Number         4  stm32l0xx_hal_rcc.o(.text.HAL_RCC_ClockConfig)
    __arm_cp.3_5                             0x080023bc   Number         4  stm32l0xx_hal_rcc.o(.text.HAL_RCC_ClockConfig)
    [Anonymous Symbol]                       0x080023c0   Section        0  stm32l0xx_hal_rcc.o(.text.HAL_RCC_GetPCLK1Freq)
    [Anonymous Symbol]                       0x080023d4   Section        0  stm32l0xx_hal_rcc.o(.text.HAL_RCC_GetPCLK2Freq)
    __arm_cp.8_0                             0x080023e8   Number         4  stm32l0xx_hal_rcc.o(.text.HAL_RCC_GetPCLK2Freq)
    __arm_cp.8_1                             0x080023ec   Number         4  stm32l0xx_hal_rcc.o(.text.HAL_RCC_GetPCLK2Freq)
    __arm_cp.8_2                             0x080023f0   Number         4  stm32l0xx_hal_rcc.o(.text.HAL_RCC_GetPCLK2Freq)
    [Anonymous Symbol]                       0x080023f4   Section        0  stm32l0xx_hal_rcc.o(.text.HAL_RCC_GetSysClockFreq)
    __arm_cp.2_0                             0x08002450   Number         4  stm32l0xx_hal_rcc.o(.text.HAL_RCC_GetSysClockFreq)
    __arm_cp.2_1                             0x08002454   Number         4  stm32l0xx_hal_rcc.o(.text.HAL_RCC_GetSysClockFreq)
    __arm_cp.2_2                             0x08002458   Number         4  stm32l0xx_hal_rcc.o(.text.HAL_RCC_GetSysClockFreq)
    __arm_cp.2_3                             0x0800245c   Number         4  stm32l0xx_hal_rcc.o(.text.HAL_RCC_GetSysClockFreq)
    __arm_cp.2_4                             0x08002460   Number         4  stm32l0xx_hal_rcc.o(.text.HAL_RCC_GetSysClockFreq)
    [Anonymous Symbol]                       0x08002464   Section        0  stm32l0xx_hal_rcc.o(.text.HAL_RCC_OscConfig)
    __arm_cp.1_9                             0x0800284c   Number         4  stm32l0xx_hal_rcc.o(.text.HAL_RCC_OscConfig)
    __arm_cp.1_1                             0x08002954   Number         4  stm32l0xx_hal_rcc.o(.text.HAL_RCC_OscConfig)
    __arm_cp.1_2                             0x08002958   Number         4  stm32l0xx_hal_rcc.o(.text.HAL_RCC_OscConfig)
    __arm_cp.1_3                             0x0800295c   Number         4  stm32l0xx_hal_rcc.o(.text.HAL_RCC_OscConfig)
    __arm_cp.1_4                             0x08002960   Number         4  stm32l0xx_hal_rcc.o(.text.HAL_RCC_OscConfig)
    __arm_cp.1_5                             0x08002964   Number         4  stm32l0xx_hal_rcc.o(.text.HAL_RCC_OscConfig)
    __arm_cp.1_6                             0x08002968   Number         4  stm32l0xx_hal_rcc.o(.text.HAL_RCC_OscConfig)
    [Anonymous Symbol]                       0x0800296c   Section        0  stm32l0xx_hal_cortex.o(.text.HAL_SYSTICK_Config)
    __arm_cp.4_0                             0x08002994   Number         4  stm32l0xx_hal_cortex.o(.text.HAL_SYSTICK_Config)
    __arm_cp.4_1                             0x08002998   Number         4  stm32l0xx_hal_cortex.o(.text.HAL_SYSTICK_Config)
    __arm_cp.4_2                             0x0800299c   Number         4  stm32l0xx_hal_cortex.o(.text.HAL_SYSTICK_Config)
    [Anonymous Symbol]                       0x080029a0   Section        0  stm32l0xx_hal_tim_ex.o(.text.HAL_TIMEx_MasterConfigSynchronization)
    [Anonymous Symbol]                       0x080029f8   Section        0  stm32l0xx_hal_tim.o(.text.HAL_TIM_Base_Init)
    [Anonymous Symbol]                       0x08002a3c   Section        0  stm32l0xx_hal_msp.o(.text.HAL_TIM_Base_MspInit)
    __arm_cp.3_0                             0x08002a78   Number         4  stm32l0xx_hal_msp.o(.text.HAL_TIM_Base_MspInit)
    __arm_cp.3_1                             0x08002a7c   Number         4  stm32l0xx_hal_msp.o(.text.HAL_TIM_Base_MspInit)
    __arm_cp.3_2                             0x08002a80   Number         4  stm32l0xx_hal_msp.o(.text.HAL_TIM_Base_MspInit)
    [Anonymous Symbol]                       0x08002a84   Section        0  stm32l0xx_hal_tim.o(.text.HAL_TIM_Base_Start_IT)
    __arm_cp.7_0                             0x08002ad4   Number         4  stm32l0xx_hal_tim.o(.text.HAL_TIM_Base_Start_IT)
    __arm_cp.7_1                             0x08002ad8   Number         4  stm32l0xx_hal_tim.o(.text.HAL_TIM_Base_Start_IT)
    __arm_cp.7_2                             0x08002adc   Number         4  stm32l0xx_hal_tim.o(.text.HAL_TIM_Base_Start_IT)
    __arm_cp.7_3                             0x08002ae0   Number         4  stm32l0xx_hal_tim.o(.text.HAL_TIM_Base_Start_IT)
    [Anonymous Symbol]                       0x08002ae4   Section        0  stm32l0xx_hal_tim.o(.text.HAL_TIM_IC_CaptureCallback)
    [Anonymous Symbol]                       0x08002ae6   Section        0  stm32l0xx_hal_tim.o(.text.HAL_TIM_IRQHandler)
    [Anonymous Symbol]                       0x08002bfc   Section        0  stm32l0xx_hal_tim.o(.text.HAL_TIM_OC_DelayElapsedCallback)
    [Anonymous Symbol]                       0x08002bfe   Section        0  stm32l0xx_hal_tim.o(.text.HAL_TIM_PWM_PulseFinishedCallback)
    [Anonymous Symbol]                       0x08002c00   Section        0  main.o(.text.HAL_TIM_PeriodElapsedCallback)
    __arm_cp.6_0                             0x08002d64   Number         4  main.o(.text.HAL_TIM_PeriodElapsedCallback)
    __arm_cp.6_1                             0x08002d68   Number         4  main.o(.text.HAL_TIM_PeriodElapsedCallback)
    __arm_cp.6_2                             0x08002d6c   Number         4  main.o(.text.HAL_TIM_PeriodElapsedCallback)
    __arm_cp.6_3                             0x08002d70   Number         4  main.o(.text.HAL_TIM_PeriodElapsedCallback)
    __arm_cp.6_4                             0x08002d74   Number         4  main.o(.text.HAL_TIM_PeriodElapsedCallback)
    __arm_cp.6_5                             0x08002d78   Number         4  main.o(.text.HAL_TIM_PeriodElapsedCallback)
    __arm_cp.6_6                             0x08002d7c   Number         4  main.o(.text.HAL_TIM_PeriodElapsedCallback)
    __arm_cp.6_7                             0x08002d80   Number         4  main.o(.text.HAL_TIM_PeriodElapsedCallback)
    __arm_cp.6_8                             0x08002d84   Number         4  main.o(.text.HAL_TIM_PeriodElapsedCallback)
    __arm_cp.6_9                             0x08002d88   Number         4  main.o(.text.HAL_TIM_PeriodElapsedCallback)
    __arm_cp.6_10                            0x08002d8c   Number         4  main.o(.text.HAL_TIM_PeriodElapsedCallback)
    __arm_cp.6_11                            0x08002d90   Number         4  main.o(.text.HAL_TIM_PeriodElapsedCallback)
    __arm_cp.6_12                            0x08002d94   Number         4  main.o(.text.HAL_TIM_PeriodElapsedCallback)
    __arm_cp.6_13                            0x08002d98   Number         4  main.o(.text.HAL_TIM_PeriodElapsedCallback)
    __arm_cp.6_14                            0x08002d9c   Number         4  main.o(.text.HAL_TIM_PeriodElapsedCallback)
    __arm_cp.6_15                            0x08002da0   Number         4  main.o(.text.HAL_TIM_PeriodElapsedCallback)
    [Anonymous Symbol]                       0x08002db0   Section        0  stm32l0xx_hal_tim.o(.text.HAL_TIM_TriggerCallback)
    [Anonymous Symbol]                       0x08002db2   Section        0  stm32l0xx_hal_uart.o(.text.HAL_UART_Init)
    [Anonymous Symbol]                       0x08002e1c   Section        0  stm32l0xx_hal_msp.o(.text.HAL_UART_MspInit)
    __arm_cp.5_0                             0x08002e64   Number         4  stm32l0xx_hal_msp.o(.text.HAL_UART_MspInit)
    __arm_cp.5_1                             0x08002e68   Number         4  stm32l0xx_hal_msp.o(.text.HAL_UART_MspInit)
    [Anonymous Symbol]                       0x08002e6c   Section        0  stm32l0xx_hal_uart.o(.text.HAL_UART_Transmit)
    __arm_cp.10_0                            0x08002f38   Number         4  stm32l0xx_hal_uart.o(.text.HAL_UART_Transmit)
    [Anonymous Symbol]                       0x08002f3c   Section        0  stm32l0xx_it.o(.text.HardFault_Handler)
    I2C_IsErrorOccurred                      0x08002f41   Thumb Code   256  stm32l0xx_hal_i2c.o(.text.I2C_IsErrorOccurred)
    [Anonymous Symbol]                       0x08002f40   Section        0  stm32l0xx_hal_i2c.o(.text.I2C_IsErrorOccurred)
    __arm_cp.74_0                            0x08003040   Number         4  stm32l0xx_hal_i2c.o(.text.I2C_IsErrorOccurred)
    I2C_WaitOnFlagUntilTimeout               0x08003045   Thumb Code   120  stm32l0xx_hal_i2c.o(.text.I2C_WaitOnFlagUntilTimeout)
    [Anonymous Symbol]                       0x08003044   Section        0  stm32l0xx_hal_i2c.o(.text.I2C_WaitOnFlagUntilTimeout)
    I2C_WaitOnSTOPFlagUntilTimeout           0x080030bd   Thumb Code   100  stm32l0xx_hal_i2c.o(.text.I2C_WaitOnSTOPFlagUntilTimeout)
    [Anonymous Symbol]                       0x080030bc   Section        0  stm32l0xx_hal_i2c.o(.text.I2C_WaitOnSTOPFlagUntilTimeout)
    I2C_WaitOnTXISFlagUntilTimeout           0x08003121   Thumb Code   106  stm32l0xx_hal_i2c.o(.text.I2C_WaitOnTXISFlagUntilTimeout)
    [Anonymous Symbol]                       0x08003120   Section        0  stm32l0xx_hal_i2c.o(.text.I2C_WaitOnTXISFlagUntilTimeout)
    [Anonymous Symbol]                       0x0800318a   Section        0  stm32l0xx_it.o(.text.NMI_Handler)
    [Anonymous Symbol]                       0x0800318c   Section        0  stm32l0xx_it.o(.text.PendSV_Handler)
    [Anonymous Symbol]                       0x0800318e   Section        0  stm32l0xx_it.o(.text.SVC_Handler)
    [Anonymous Symbol]                       0x08003190   Section        0  stm32l0xx_it.o(.text.SysTick_Handler)
    [Anonymous Symbol]                       0x08003198   Section        0  main.o(.text.SystemClock_Config)
    __arm_cp.5_0                             0x08003230   Number         4  main.o(.text.SystemClock_Config)
    [Anonymous Symbol]                       0x08003234   Section        0  system_stm32l0xx.o(.text.SystemInit)
    [Anonymous Symbol]                       0x08003238   Section        0  stm32l0xx_it.o(.text.TIM6_DAC_IRQHandler)
    __arm_cp.5_0                             0x08003244   Number         4  stm32l0xx_it.o(.text.TIM6_DAC_IRQHandler)
    TIM_Base_SetConfig                       0x08003249   Thumb Code   112  stm32l0xx_hal_tim.o(.text.TIM_Base_SetConfig)
    [Anonymous Symbol]                       0x08003248   Section        0  stm32l0xx_hal_tim.o(.text.TIM_Base_SetConfig)
    __arm_cp.2_0                             0x080032b8   Number         4  stm32l0xx_hal_tim.o(.text.TIM_Base_SetConfig)
    __arm_cp.2_1                             0x080032bc   Number         4  stm32l0xx_hal_tim.o(.text.TIM_Base_SetConfig)
    __arm_cp.2_2                             0x080032c0   Number         4  stm32l0xx_hal_tim.o(.text.TIM_Base_SetConfig)
    __arm_cp.2_3                             0x080032c4   Number         4  stm32l0xx_hal_tim.o(.text.TIM_Base_SetConfig)
    [Anonymous Symbol]                       0x080032c8   Section        0  stm32l0xx_hal_uart.o(.text.UART_AdvFeatureConfig)
    [Anonymous Symbol]                       0x08003380   Section        0  stm32l0xx_hal_uart.o(.text.UART_CheckIdleState)
    __arm_cp.4_0                             0x08003438   Number         4  stm32l0xx_hal_uart.o(.text.UART_CheckIdleState)
    UART_EndRxTransfer                       0x0800343d   Thumb Code    90  stm32l0xx_hal_uart.o(.text.UART_EndRxTransfer)
    [Anonymous Symbol]                       0x0800343c   Section        0  stm32l0xx_hal_uart.o(.text.UART_EndRxTransfer)
    [Anonymous Symbol]                       0x08003498   Section        0  stm32l0xx_hal_uart.o(.text.UART_SetConfig)
    __arm_cp.2_0                             0x08003654   Number         4  stm32l0xx_hal_uart.o(.text.UART_SetConfig)
    __arm_cp.2_1                             0x08003658   Number         4  stm32l0xx_hal_uart.o(.text.UART_SetConfig)
    __arm_cp.2_2                             0x0800365c   Number         4  stm32l0xx_hal_uart.o(.text.UART_SetConfig)
    __arm_cp.2_3                             0x08003660   Number         4  stm32l0xx_hal_uart.o(.text.UART_SetConfig)
    __arm_cp.2_4                             0x08003664   Number         4  stm32l0xx_hal_uart.o(.text.UART_SetConfig)
    __arm_cp.2_5                             0x08003668   Number         4  stm32l0xx_hal_uart.o(.text.UART_SetConfig)
    __arm_cp.2_6                             0x0800366c   Number         4  stm32l0xx_hal_uart.o(.text.UART_SetConfig)
    __arm_cp.2_7                             0x08003670   Number         4  stm32l0xx_hal_uart.o(.text.UART_SetConfig)
    __arm_cp.2_8                             0x08003674   Number         4  stm32l0xx_hal_uart.o(.text.UART_SetConfig)
    __arm_cp.2_10                            0x08003688   Number         4  stm32l0xx_hal_uart.o(.text.UART_SetConfig)
    __arm_cp.2_11                            0x0800368c   Number         4  stm32l0xx_hal_uart.o(.text.UART_SetConfig)
    __arm_cp.2_12                            0x08003690   Number         4  stm32l0xx_hal_uart.o(.text.UART_SetConfig)
    __arm_cp.2_13                            0x08003694   Number         4  stm32l0xx_hal_uart.o(.text.UART_SetConfig)
    __arm_cp.2_14                            0x08003698   Number         4  stm32l0xx_hal_uart.o(.text.UART_SetConfig)
    [Anonymous Symbol]                       0x0800369c   Section        0  stm32l0xx_hal_uart.o(.text.UART_WaitOnFlagUntilTimeout)
    [Anonymous Symbol]                       0x08003734   Section        0  main.o(.text.adxl_init)
    __arm_cp.2_0                             0x0800379c   Number         4  main.o(.text.adxl_init)
    [Anonymous Symbol]                       0x080037a0   Section        0  i2c-lcd.o(.text.lcd_init)
    [Anonymous Symbol]                       0x08003834   Section        0  i2c-lcd.o(.text.lcd_send_cmd)
    [Anonymous Symbol]                       0x08003868   Section        0  i2c-lcd.o(.text.lcd_send_data)
    [Anonymous Symbol]                       0x0800389c   Section        0  i2c-lcd.o(.text.lcd_send_float)
    [Anonymous Symbol]                       0x080038d0   Section        0  i2c-lcd.o(.text.lcd_send_string)
    [Anonymous Symbol]                       0x080038ec   Section        0  main.o(.text.main)
    __arm_cp.4_0                             0x08003a94   Number         4  main.o(.text.main)
    __arm_cp.4_1                             0x08003a98   Number         4  main.o(.text.main)
    __arm_cp.4_2                             0x08003a9c   Number         4  main.o(.text.main)
    __arm_cp.4_3                             0x08003aa0   Number         4  main.o(.text.main)
    __arm_cp.4_4                             0x08003aa4   Number         4  main.o(.text.main)
    __arm_cp.4_5                             0x08003aa8   Number         4  main.o(.text.main)
    __arm_cp.4_6                             0x08003aac   Number         4  main.o(.text.main)
    __arm_cp.4_7                             0x08003ab0   Number         4  main.o(.text.main)
    __arm_cp.4_8                             0x08003ab4   Number         4  main.o(.text.main)
    __arm_cp.4_9                             0x08003ab8   Number         4  main.o(.text.main)
    __arm_cp.4_10                            0x08003abc   Number         4  main.o(.text.main)
    __arm_cp.4_12                            0x08003ac0   Number         4  main.o(.text.main)
    [Anonymous Symbol]                       0x08003ac4   Section        0  main.o(.text.send_sensor_data_via_uart)
    __arm_cp.3_0                             0x08003b14   Number         4  main.o(.text.send_sensor_data_via_uart)
    __arm_cp.3_2                             0x08003b40   Number         4  main.o(.text.send_sensor_data_via_uart)
    i.__ARM_common_ll_muluu                  0x08003b44   Section        0  btod.o(i.__ARM_common_ll_muluu)
    i.__ARM_fpclassify                       0x08003b74   Section        0  fpclassify.o(i.__ARM_fpclassify)
    i._is_digit                              0x08003ba0   Section        0  __printf_wp.o(i._is_digit)
    i.sqrtf                                  0x08003bae   Section        0  sqrtf.o(i.sqrtf)
    locale$$code                             0x08003bdc   Section       44  lc_numeric_c.o(locale$$code)
    x$fpl$fadd                               0x08003c08   Section      140  faddsub.o(x$fpl$fadd)
    _fadd1                                   0x08003c15   Thumb Code     0  faddsub.o(x$fpl$fadd)
    x$fpl$fmul                               0x08003c94   Section      176  fmul.o(x$fpl$fmul)
    x$fpl$fsub                               0x08003d44   Section      208  faddsub.o(x$fpl$fsub)
    _fsub1                                   0x08003d51   Thumb Code     0  faddsub.o(x$fpl$fsub)
    x$fpl$printf1                            0x08003e14   Section       16  printf1.o(x$fpl$printf1)
    fdiv_tab                                 0x08003e24   Data          64  fdiv.o(.constdata)
    .constdata                               0x08003e24   Section       64  fdiv.o(.constdata)
    x$fpl$usenofp                            0x08003e24   Section        0  usenofp.o(x$fpl$usenofp)
    tenpwrs_x                                0x08003e64   Data          60  bigflt0.o(.constdata)
    .constdata                               0x08003e64   Section      148  bigflt0.o(.constdata)
    tenpwrs_i                                0x08003ea0   Data          64  bigflt0.o(.constdata)
    [Anonymous Symbol]                       0x08003f1c   Section        0  stm32l0xx_hal_uart.o(.rodata.cst16)
    locale$$data                             0x08003f4c   Section       28  lc_numeric_c.o(locale$$data)
    __lcnum_c_name                           0x08003f50   Data           2  lc_numeric_c.o(locale$$data)
    __lcnum_c_start                          0x08003f58   Data           0  lc_numeric_c.o(locale$$data)
    __lcnum_c_point                          0x08003f64   Data           0  lc_numeric_c.o(locale$$data)
    __lcnum_c_thousands                      0x08003f66   Data           0  lc_numeric_c.o(locale$$data)
    __lcnum_c_grouping                       0x08003f67   Data           0  lc_numeric_c.o(locale$$data)
    __lcnum_c_end                            0x08003f68   Data           0  lc_numeric_c.o(locale$$data)
    .bss                                     0x20000010   Section       96  libspace.o(.bss)
    HAL_TIM_PeriodElapsedCallback.cycle_count 0x20000070   Data           1  main.o(.bss.HAL_TIM_PeriodElapsedCallback.cycle_count)
    [Anonymous Symbol]                       0x20000070   Section        0  main.o(.bss.HAL_TIM_PeriodElapsedCallback.cycle_count)
    Heap_Mem                                 0x200002b8   Data         512  startup_stm32l073xx.o(HEAP)
    HEAP                                     0x200002b8   Section      512  startup_stm32l073xx.o(HEAP)
    Stack_Mem                                0x200004b8   Data        1024  startup_stm32l073xx.o(STACK)
    STACK                                    0x200004b8   Section     1024  startup_stm32l073xx.o(STACK)
    __initial_sp                             0x200008b8   Data           0  startup_stm32l073xx.o(STACK)

    Global Symbols

    Symbol Name                              Value     Ov Type        Size  Object(Section)

    BuildAttributes$$THM_ISAv3M$S$PE$A:L22$X:L11$S22$IEEE1$IW$~IW$USESV6$~STKCKD$USESV7$~SHL$OTIME$ROPI$IEEEX$EBA8$UX$STANDARDLIB$REQ8$PRES8$EABIv2 0x00000000   Number         0  anon$$obj.o ABSOLUTE
    _printf_flags                            0x00000000   Number         0  printf_stubs.o ABSOLUTE
    _printf_return_value                     0x00000000   Number         0  printf_stubs.o ABSOLUTE
    _printf_sizespec                         0x00000000   Number         0  printf_stubs.o ABSOLUTE
    _printf_widthprec                        0x00000000   Number         0  printf_stubs.o ABSOLUTE
    __ARM_exceptions_init                     - Undefined Weak Reference
    __alloca_initialize                       - Undefined Weak Reference
    __arm_preinit_                            - Undefined Weak Reference
    __arm_relocate_pie_                       - Undefined Weak Reference
    __cpp_initialize__aeabi_                  - Undefined Weak Reference
    __cxa_finalize                            - Undefined Weak Reference
    __sigvec_lookup                           - Undefined Weak Reference
    _atexit_init                              - Undefined Weak Reference
    _call_atexit_fns                          - Undefined Weak Reference
    _clock_init                               - Undefined Weak Reference
    _fp_trap_init                             - Undefined Weak Reference
    _fp_trap_shutdown                         - Undefined Weak Reference
    _get_lc_collate                           - Undefined Weak Reference
    _get_lc_ctype                             - Undefined Weak Reference
    _get_lc_monetary                          - Undefined Weak Reference
    _get_lc_time                              - Undefined Weak Reference
    _getenv_init                              - Undefined Weak Reference
    _handle_redirection                       - Undefined Weak Reference
    _init_alloc                               - Undefined Weak Reference
    _init_user_alloc                          - Undefined Weak Reference
    _initio                                   - Undefined Weak Reference
    _printf_post_padding                      - Undefined Weak Reference
    _printf_pre_padding                       - Undefined Weak Reference
    _rand_init                                - Undefined Weak Reference
    _signal_finish                            - Undefined Weak Reference
    _signal_init                              - Undefined Weak Reference
    _terminate_alloc                          - Undefined Weak Reference
    _terminate_user_alloc                     - Undefined Weak Reference
    _terminateio                              - Undefined Weak Reference
    __Vectors_Size                           0x000000c0   Number         0  startup_stm32l073xx.o ABSOLUTE
    __Vectors                                0x08000000   Data           4  startup_stm32l073xx.o(RESET)
    __Vectors_End                            0x080000c0   Data           0  startup_stm32l073xx.o(RESET)
    __main                                   0x080000c1   Thumb Code     8  __main.o(!!!main)
    __scatterload                            0x080000c9   Thumb Code     0  __scatter.o(!!!scatter)
    __scatterload_rt2                        0x080000c9   Thumb Code    52  __scatter.o(!!!scatter)
    __scatterload_rt2_thumb_only             0x080000c9   Thumb Code     0  __scatter.o(!!!scatter)
    __scatterload_null                       0x080000d9   Thumb Code     0  __scatter.o(!!!scatter)
    __scatterload_copy                       0x08000105   Thumb Code    26  __scatter_copy.o(!!handler_copy)
    __scatterload_zeroinit                   0x08000121   Thumb Code    28  __scatter_zi.o(!!handler_zi)
    _printf_percent                          0x0800013d   Thumb Code     0  _printf_percent.o(.ARM.Collect$$_printf_percent$$00000000)
    _printf_f                                0x0800013f   Thumb Code     0  _printf_f.o(.ARM.Collect$$_printf_percent$$00000003)
    _printf_percent_end                      0x08000149   Thumb Code     0  _printf_percent_end.o(.ARM.Collect$$_printf_percent$$00000017)
    __rt_lib_init                            0x0800014d   Thumb Code     0  libinit.o(.ARM.Collect$$libinit$$00000000)
    __rt_lib_init_fp_1                       0x0800014f   Thumb Code     0  libinit2.o(.ARM.Collect$$libinit$$00000002)
    __rt_lib_init_heap_1                     0x0800014f   Thumb Code     0  libinit2.o(.ARM.Collect$$libinit$$0000000C)
    __rt_lib_init_lc_common                  0x0800014f   Thumb Code     0  libinit2.o(.ARM.Collect$$libinit$$00000011)
    __rt_lib_init_preinit_1                  0x0800014f   Thumb Code     0  libinit2.o(.ARM.Collect$$libinit$$00000006)
    __rt_lib_init_rand_1                     0x0800014f   Thumb Code     0  libinit2.o(.ARM.Collect$$libinit$$00000010)
    __rt_lib_init_relocate_pie_1             0x0800014f   Thumb Code     0  libinit2.o(.ARM.Collect$$libinit$$00000004)
    __rt_lib_init_user_alloc_1               0x0800014f   Thumb Code     0  libinit2.o(.ARM.Collect$$libinit$$0000000E)
    __rt_lib_init_lc_collate_1               0x08000155   Thumb Code     0  libinit2.o(.ARM.Collect$$libinit$$00000013)
    __rt_lib_init_lc_ctype_1                 0x08000155   Thumb Code     0  libinit2.o(.ARM.Collect$$libinit$$00000015)
    __rt_lib_init_lc_monetary_1              0x08000155   Thumb Code     0  libinit2.o(.ARM.Collect$$libinit$$00000017)
    __rt_lib_init_lc_numeric_2               0x08000155   Thumb Code     0  libinit2.o(.ARM.Collect$$libinit$$00000018)
    __rt_lib_init_alloca_1                   0x0800015f   Thumb Code     0  libinit2.o(.ARM.Collect$$libinit$$00000030)
    __rt_lib_init_argv_1                     0x0800015f   Thumb Code     0  libinit2.o(.ARM.Collect$$libinit$$0000002E)
    __rt_lib_init_atexit_1                   0x0800015f   Thumb Code     0  libinit2.o(.ARM.Collect$$libinit$$0000001D)
    __rt_lib_init_clock_1                    0x0800015f   Thumb Code     0  libinit2.o(.ARM.Collect$$libinit$$00000023)
    __rt_lib_init_cpp_1                      0x0800015f   Thumb Code     0  libinit2.o(.ARM.Collect$$libinit$$00000034)
    __rt_lib_init_exceptions_1               0x0800015f   Thumb Code     0  libinit2.o(.ARM.Collect$$libinit$$00000032)
    __rt_lib_init_fp_trap_1                  0x0800015f   Thumb Code     0  libinit2.o(.ARM.Collect$$libinit$$00000021)
    __rt_lib_init_getenv_1                   0x0800015f   Thumb Code     0  libinit2.o(.ARM.Collect$$libinit$$00000025)
    __rt_lib_init_lc_numeric_1               0x0800015f   Thumb Code     0  libinit2.o(.ARM.Collect$$libinit$$00000019)
    __rt_lib_init_lc_time_1                  0x0800015f   Thumb Code     0  libinit2.o(.ARM.Collect$$libinit$$0000001B)
    __rt_lib_init_return                     0x0800015f   Thumb Code     0  libinit2.o(.ARM.Collect$$libinit$$00000035)
    __rt_lib_init_signal_1                   0x0800015f   Thumb Code     0  libinit2.o(.ARM.Collect$$libinit$$0000001F)
    __rt_lib_init_stdio_1                    0x0800015f   Thumb Code     0  libinit2.o(.ARM.Collect$$libinit$$00000027)
    __rt_lib_shutdown                        0x08000161   Thumb Code     0  libshutdown.o(.ARM.Collect$$libshutdown$$00000000)
    __rt_lib_shutdown_cpp_1                  0x08000163   Thumb Code     0  libshutdown2.o(.ARM.Collect$$libshutdown$$00000002)
    __rt_lib_shutdown_fp_trap_1              0x08000163   Thumb Code     0  libshutdown2.o(.ARM.Collect$$libshutdown$$00000007)
    __rt_lib_shutdown_heap_1                 0x08000163   Thumb Code     0  libshutdown2.o(.ARM.Collect$$libshutdown$$0000000F)
    __rt_lib_shutdown_return                 0x08000163   Thumb Code     0  libshutdown2.o(.ARM.Collect$$libshutdown$$00000010)
    __rt_lib_shutdown_signal_1               0x08000163   Thumb Code     0  libshutdown2.o(.ARM.Collect$$libshutdown$$0000000A)
    __rt_lib_shutdown_stdio_1                0x08000163   Thumb Code     0  libshutdown2.o(.ARM.Collect$$libshutdown$$00000004)
    __rt_lib_shutdown_user_alloc_1           0x08000163   Thumb Code     0  libshutdown2.o(.ARM.Collect$$libshutdown$$0000000C)
    __rt_entry                               0x08000165   Thumb Code     0  __rtentry.o(.ARM.Collect$$rtentry$$00000000)
    __rt_entry_presh_1                       0x08000165   Thumb Code     0  __rtentry2.o(.ARM.Collect$$rtentry$$00000002)
    __rt_entry_sh                            0x08000165   Thumb Code     0  __rtentry4.o(.ARM.Collect$$rtentry$$00000004)
    __rt_entry_li                            0x0800016b   Thumb Code     0  __rtentry2.o(.ARM.Collect$$rtentry$$0000000A)
    __rt_entry_postsh_1                      0x0800016b   Thumb Code     0  __rtentry2.o(.ARM.Collect$$rtentry$$00000009)
    __rt_entry_main                          0x0800016f   Thumb Code     0  __rtentry2.o(.ARM.Collect$$rtentry$$0000000D)
    __rt_entry_postli_1                      0x0800016f   Thumb Code     0  __rtentry2.o(.ARM.Collect$$rtentry$$0000000C)
    __rt_exit                                0x08000177   Thumb Code     0  rtexit.o(.ARM.Collect$$rtexit$$00000000)
    __rt_exit_ls                             0x08000179   Thumb Code     0  rtexit2.o(.ARM.Collect$$rtexit$$00000003)
    __rt_exit_prels_1                        0x08000179   Thumb Code     0  rtexit2.o(.ARM.Collect$$rtexit$$00000002)
    __rt_exit_exit                           0x0800017d   Thumb Code     0  rtexit2.o(.ARM.Collect$$rtexit$$00000004)
    Reset_Handler                            0x08000185   Thumb Code     8  startup_stm32l073xx.o(.text)
    ADC1_COMP_IRQHandler                     0x08000197   Thumb Code     0  startup_stm32l073xx.o(.text)
    DMA1_Channel1_IRQHandler                 0x08000197   Thumb Code     0  startup_stm32l073xx.o(.text)
    DMA1_Channel2_3_IRQHandler               0x08000197   Thumb Code     0  startup_stm32l073xx.o(.text)
    DMA1_Channel4_5_6_7_IRQHandler           0x08000197   Thumb Code     0  startup_stm32l073xx.o(.text)
    EXTI0_1_IRQHandler                       0x08000197   Thumb Code     0  startup_stm32l073xx.o(.text)
    EXTI2_3_IRQHandler                       0x08000197   Thumb Code     0  startup_stm32l073xx.o(.text)
    EXTI4_15_IRQHandler                      0x08000197   Thumb Code     0  startup_stm32l073xx.o(.text)
    FLASH_IRQHandler                         0x08000197   Thumb Code     0  startup_stm32l073xx.o(.text)
    I2C1_IRQHandler                          0x08000197   Thumb Code     0  startup_stm32l073xx.o(.text)
    I2C2_IRQHandler                          0x08000197   Thumb Code     0  startup_stm32l073xx.o(.text)
    I2C3_IRQHandler                          0x08000197   Thumb Code     0  startup_stm32l073xx.o(.text)
    LCD_IRQHandler                           0x08000197   Thumb Code     0  startup_stm32l073xx.o(.text)
    LPTIM1_IRQHandler                        0x08000197   Thumb Code     0  startup_stm32l073xx.o(.text)
    PVD_IRQHandler                           0x08000197   Thumb Code     0  startup_stm32l073xx.o(.text)
    RCC_CRS_IRQHandler                       0x08000197   Thumb Code     0  startup_stm32l073xx.o(.text)
    RNG_LPUART1_IRQHandler                   0x08000197   Thumb Code     0  startup_stm32l073xx.o(.text)
    RTC_IRQHandler                           0x08000197   Thumb Code     0  startup_stm32l073xx.o(.text)
    SPI1_IRQHandler                          0x08000197   Thumb Code     0  startup_stm32l073xx.o(.text)
    SPI2_IRQHandler                          0x08000197   Thumb Code     0  startup_stm32l073xx.o(.text)
    TIM21_IRQHandler                         0x08000197   Thumb Code     0  startup_stm32l073xx.o(.text)
    TIM22_IRQHandler                         0x08000197   Thumb Code     0  startup_stm32l073xx.o(.text)
    TIM2_IRQHandler                          0x08000197   Thumb Code     0  startup_stm32l073xx.o(.text)
    TIM3_IRQHandler                          0x08000197   Thumb Code     0  startup_stm32l073xx.o(.text)
    TIM7_IRQHandler                          0x08000197   Thumb Code     0  startup_stm32l073xx.o(.text)
    TSC_IRQHandler                           0x08000197   Thumb Code     0  startup_stm32l073xx.o(.text)
    USART1_IRQHandler                        0x08000197   Thumb Code     0  startup_stm32l073xx.o(.text)
    USART2_IRQHandler                        0x08000197   Thumb Code     0  startup_stm32l073xx.o(.text)
    USART4_5_IRQHandler                      0x08000197   Thumb Code     0  startup_stm32l073xx.o(.text)
    USB_IRQHandler                           0x08000197   Thumb Code     0  startup_stm32l073xx.o(.text)
    WWDG_IRQHandler                          0x08000197   Thumb Code     0  startup_stm32l073xx.o(.text)
    __user_initial_stackheap                 0x08000199   Thumb Code     0  startup_stm32l073xx.o(.text)
    __aeabi_uldivmod                         0x080001bd   Thumb Code   272  lludiv.o(.text)
    _ll_udiv                                 0x080001bd   Thumb Code     0  lludiv.o(.text)
    __2snprintf                              0x080002cd   Thumb Code    60  noretval__2snprintf.o(.text)
    __printf                                 0x0800030d   Thumb Code   270  __printf_wp.o(.text)
    strlen                                   0x0800041d   Thumb Code    62  strlen.o(.text)
    _memset_w                                0x08000461   Thumb Code    26  rt_memclr.o(.text)
    _memset                                  0x0800047b   Thumb Code    30  rt_memclr.o(.text)
    __aeabi_memclr                           0x08000499   Thumb Code     4  rt_memclr.o(.text)
    __rt_memclr                              0x08000499   Thumb Code     0  rt_memclr.o(.text)
    __aeabi_memclr4                          0x0800049d   Thumb Code     0  rt_memclr.o(.text)
    __aeabi_memclr8                          0x0800049d   Thumb Code     0  rt_memclr.o(.text)
    __rt_memclr_w                            0x0800049d   Thumb Code     4  rt_memclr.o(.text)
    __aeabi_uidiv                            0x080004a1   Thumb Code     0  aeabi_sdiv.o(.text)
    __aeabi_uidivmod                         0x080004a1   Thumb Code    20  aeabi_sdiv.o(.text)
    __aeabi_idiv                             0x080004b5   Thumb Code     0  aeabi_sdiv.o(.text)
    __aeabi_idivmod                          0x080004b5   Thumb Code   338  aeabi_sdiv.o(.text)
    __use_two_region_memory                  0x0800060d   Thumb Code     2  heapauxi.o(.text)
    __rt_heap_escrow$2region                 0x0800060f   Thumb Code     2  heapauxi.o(.text)
    __rt_heap_expand$2region                 0x08000611   Thumb Code     2  heapauxi.o(.text)
    __aeabi_d2f                              0x08000615   Thumb Code     0  d2f.o(.text)
    _d2f                                     0x08000615   Thumb Code   120  d2f.o(.text)
    __aeabi_i2d_normalise                    0x08000691   Thumb Code    66  dflti.o(.text)
    __aeabi_i2d                              0x080006d3   Thumb Code    16  dflti.o(.text)
    _dflt                                    0x080006d3   Thumb Code     0  dflti.o(.text)
    __aeabi_ui2d                             0x080006e3   Thumb Code     6  dflti.o(.text)
    _dfltu                                   0x080006e3   Thumb Code     0  dflti.o(.text)
    __aeabi_dmul                             0x080006e9   Thumb Code     0  dmul.o(.text)
    _dmul                                    0x080006e9   Thumb Code   558  dmul.o(.text)
    __aeabi_f2d                              0x08000931   Thumb Code     0  f2d.o(.text)
    _f2d                                     0x08000931   Thumb Code    80  f2d.o(.text)
    __aeabi_fdiv                             0x08000985   Thumb Code     0  fdiv.o(.text)
    _fdiv                                    0x08000985   Thumb Code   334  fdiv.o(.text)
    _frdiv                                   0x08000ad3   Thumb Code     8  fdiv.o(.text)
    __read_errno                             0x08000ae5   Thumb Code    10  _rserrno.o(.text)
    __set_errno                              0x08000aef   Thumb Code    12  _rserrno.o(.text)
    _printf_fp_dec_real                      0x08000c99   Thumb Code   620  _printf_fp_dec.o(.text)
    _printf_char_common                      0x08000f1b   Thumb Code    32  _printf_char_common.o(.text)
    _snputc                                  0x08000f41   Thumb Code    16  _snputc.o(.text)
    _fsqrt                                   0x08000f51   Thumb Code   140  fsqrt.o(.text)
    __rt_locale                              0x08000fe1   Thumb Code     8  rt_locale_intlibspace.o(.text)
    __aeabi_errno_addr                       0x08000fe9   Thumb Code     8  rt_errno_addr_intlibspace.o(.text)
    __errno$intlibspace                      0x08000fe9   Thumb Code     0  rt_errno_addr_intlibspace.o(.text)
    __rt_errno_addr$intlibspace              0x08000fe9   Thumb Code     0  rt_errno_addr_intlibspace.o(.text)
    _ll_udiv10                               0x08000ff1   Thumb Code   122  lludiv10.o(.text)
    _printf_fp_infnan                        0x0800106d   Thumb Code   120  _printf_fp_infnan.o(.text)
    _btod_etento                             0x080010f5   Thumb Code   210  bigflt0.o(.text)
    _btod_d2e                                0x080011cd   Thumb Code    64  btod.o(.text)
    _btod_emul                               0x08001601   Thumb Code    28  btod.o(.text)
    _btod_emuld                              0x0800161d   Thumb Code   144  btod.o(.text)
    _btod_ediv                               0x080016ad   Thumb Code    26  btod.o(.text)
    _btod_edivd                              0x080016c7   Thumb Code   124  btod.o(.text)
    __rt_udiv10                              0x0800174d   Thumb Code    40  rtudiv10.o(.text)
    __user_libspace                          0x08001775   Thumb Code     8  libspace.o(.text)
    __user_perproc_libspace                  0x08001775   Thumb Code     0  libspace.o(.text)
    __user_perthread_libspace                0x08001775   Thumb Code     0  libspace.o(.text)
    __user_setup_stackheap                   0x0800177d   Thumb Code    62  sys_stackheap_outer.o(.text)
    exit                                     0x080017bb   Thumb Code    16  exit.o(.text)
    strcmp                                   0x080017cd   Thumb Code   132  strcmp.o(.text)
    _sys_exit                                0x08001855   Thumb Code     8  sys_exit.o(.text)
    __I$use$semihosting                      0x08001861   Thumb Code     0  use_no_semi.o(.text)
    __use_no_semihosting_swi                 0x08001861   Thumb Code     2  use_no_semi.o(.text)
    __semihosting_library_function           0x08001863   Thumb Code     0  indicate_semi.o(.text)
    HAL_GPIO_Init                            0x08001865   Thumb Code   372  stm32l0xx_hal_gpio.o(.text.HAL_GPIO_Init)
    HAL_GetTick                              0x080019e9   Thumb Code     8  stm32l0xx_hal.o(.text.HAL_GetTick)
    HAL_I2CEx_ConfigAnalogFilter             0x080019f5   Thumb Code    66  stm32l0xx_hal_i2c_ex.o(.text.HAL_I2CEx_ConfigAnalogFilter)
    HAL_I2CEx_ConfigDigitalFilter            0x08001a37   Thumb Code    66  stm32l0xx_hal_i2c_ex.o(.text.HAL_I2CEx_ConfigDigitalFilter)
    HAL_I2C_Init                             0x08001a79   Thumb Code   156  stm32l0xx_hal_i2c.o(.text.HAL_I2C_Init)
    HAL_I2C_Master_Transmit                  0x08001b1d   Thumb Code   332  stm32l0xx_hal_i2c.o(.text.HAL_I2C_Master_Transmit)
    HAL_I2C_Mem_Read                         0x08001c71   Thumb Code   488  stm32l0xx_hal_i2c.o(.text.HAL_I2C_Mem_Read)
    HAL_I2C_MspInit                          0x08001e75   Thumb Code   176  stm32l0xx_hal_msp.o(.text.HAL_I2C_MspInit)
    HAL_IncTick                              0x08001f39   Thumb Code    16  stm32l0xx_hal.o(.text.HAL_IncTick)
    HAL_Init                                 0x08001f4d   Thumb Code    36  stm32l0xx_hal.o(.text.HAL_Init)
    HAL_InitTick                             0x08001f75   Thumb Code    60  stm32l0xx_hal.o(.text.HAL_InitTick)
    HAL_MspInit                              0x08001fbd   Thumb Code    20  stm32l0xx_hal_msp.o(.text.HAL_MspInit)
    HAL_NVIC_EnableIRQ                       0x08001fd5   Thumb Code    20  stm32l0xx_hal_cortex.o(.text.HAL_NVIC_EnableIRQ)
    HAL_NVIC_SetPriority                     0x08001fed   Thumb Code    48  stm32l0xx_hal_cortex.o(.text.HAL_NVIC_SetPriority)
    HAL_RCCEx_PeriphCLKConfig                0x08002025   Thumb Code   508  stm32l0xx_hal_rcc_ex.o(.text.HAL_RCCEx_PeriphCLKConfig)
    HAL_RCC_ClockConfig                      0x08002229   Thumb Code   392  stm32l0xx_hal_rcc.o(.text.HAL_RCC_ClockConfig)
    HAL_RCC_GetPCLK1Freq                     0x080023c1   Thumb Code    20  stm32l0xx_hal_rcc.o(.text.HAL_RCC_GetPCLK1Freq)
    HAL_RCC_GetPCLK2Freq                     0x080023d5   Thumb Code    20  stm32l0xx_hal_rcc.o(.text.HAL_RCC_GetPCLK2Freq)
    HAL_RCC_GetSysClockFreq                  0x080023f5   Thumb Code    92  stm32l0xx_hal_rcc.o(.text.HAL_RCC_GetSysClockFreq)
    HAL_RCC_OscConfig                        0x08002465   Thumb Code  1264  stm32l0xx_hal_rcc.o(.text.HAL_RCC_OscConfig)
    HAL_SYSTICK_Config                       0x0800296d   Thumb Code    40  stm32l0xx_hal_cortex.o(.text.HAL_SYSTICK_Config)
    HAL_TIMEx_MasterConfigSynchronization    0x080029a1   Thumb Code    88  stm32l0xx_hal_tim_ex.o(.text.HAL_TIMEx_MasterConfigSynchronization)
    HAL_TIM_Base_Init                        0x080029f9   Thumb Code    66  stm32l0xx_hal_tim.o(.text.HAL_TIM_Base_Init)
    HAL_TIM_Base_MspInit                     0x08002a3d   Thumb Code    60  stm32l0xx_hal_msp.o(.text.HAL_TIM_Base_MspInit)
    HAL_TIM_Base_Start_IT                    0x08002a85   Thumb Code    80  stm32l0xx_hal_tim.o(.text.HAL_TIM_Base_Start_IT)
    HAL_TIM_IC_CaptureCallback               0x08002ae5   Thumb Code     2  stm32l0xx_hal_tim.o(.text.HAL_TIM_IC_CaptureCallback)
    HAL_TIM_IRQHandler                       0x08002ae7   Thumb Code   278  stm32l0xx_hal_tim.o(.text.HAL_TIM_IRQHandler)
    HAL_TIM_OC_DelayElapsedCallback          0x08002bfd   Thumb Code     2  stm32l0xx_hal_tim.o(.text.HAL_TIM_OC_DelayElapsedCallback)
    HAL_TIM_PWM_PulseFinishedCallback        0x08002bff   Thumb Code     2  stm32l0xx_hal_tim.o(.text.HAL_TIM_PWM_PulseFinishedCallback)
    HAL_TIM_PeriodElapsedCallback            0x08002c01   Thumb Code   356  main.o(.text.HAL_TIM_PeriodElapsedCallback)
    HAL_TIM_TriggerCallback                  0x08002db1   Thumb Code     2  stm32l0xx_hal_tim.o(.text.HAL_TIM_TriggerCallback)
    HAL_UART_Init                            0x08002db3   Thumb Code   106  stm32l0xx_hal_uart.o(.text.HAL_UART_Init)
    HAL_UART_MspInit                         0x08002e1d   Thumb Code    72  stm32l0xx_hal_msp.o(.text.HAL_UART_MspInit)
    HAL_UART_Transmit                        0x08002e6d   Thumb Code   204  stm32l0xx_hal_uart.o(.text.HAL_UART_Transmit)
    HardFault_Handler                        0x08002f3d   Thumb Code     2  stm32l0xx_it.o(.text.HardFault_Handler)
    NMI_Handler                              0x0800318b   Thumb Code     2  stm32l0xx_it.o(.text.NMI_Handler)
    PendSV_Handler                           0x0800318d   Thumb Code     2  stm32l0xx_it.o(.text.PendSV_Handler)
    SVC_Handler                              0x0800318f   Thumb Code     2  stm32l0xx_it.o(.text.SVC_Handler)
    SysTick_Handler                          0x08003191   Thumb Code     8  stm32l0xx_it.o(.text.SysTick_Handler)
    SystemClock_Config                       0x08003199   Thumb Code   152  main.o(.text.SystemClock_Config)
    SystemInit                               0x08003235   Thumb Code     2  system_stm32l0xx.o(.text.SystemInit)
    TIM6_DAC_IRQHandler                      0x08003239   Thumb Code    12  stm32l0xx_it.o(.text.TIM6_DAC_IRQHandler)
    UART_AdvFeatureConfig                    0x080032c9   Thumb Code   184  stm32l0xx_hal_uart.o(.text.UART_AdvFeatureConfig)
    UART_CheckIdleState                      0x08003381   Thumb Code   184  stm32l0xx_hal_uart.o(.text.UART_CheckIdleState)
    UART_SetConfig                           0x08003499   Thumb Code   444  stm32l0xx_hal_uart.o(.text.UART_SetConfig)
    UART_WaitOnFlagUntilTimeout              0x0800369d   Thumb Code   152  stm32l0xx_hal_uart.o(.text.UART_WaitOnFlagUntilTimeout)
    adxl_init                                0x08003735   Thumb Code   104  main.o(.text.adxl_init)
    lcd_init                                 0x080037a1   Thumb Code   148  i2c-lcd.o(.text.lcd_init)
    lcd_send_cmd                             0x08003835   Thumb Code    52  i2c-lcd.o(.text.lcd_send_cmd)
    lcd_send_data                            0x08003869   Thumb Code    52  i2c-lcd.o(.text.lcd_send_data)
    lcd_send_float                           0x0800389d   Thumb Code    48  i2c-lcd.o(.text.lcd_send_float)
    lcd_send_string                          0x080038d1   Thumb Code    28  i2c-lcd.o(.text.lcd_send_string)
    main                                     0x080038ed   Thumb Code   424  main.o(.text.main)
    send_sensor_data_via_uart                0x08003ac5   Thumb Code    80  main.o(.text.send_sensor_data_via_uart)
    __ARM_common_ll_muluu                    0x08003b45   Thumb Code    48  btod.o(i.__ARM_common_ll_muluu)
    __ARM_fpclassify                         0x08003b75   Thumb Code    40  fpclassify.o(i.__ARM_fpclassify)
    _is_digit                                0x08003ba1   Thumb Code    14  __printf_wp.o(i._is_digit)
    sqrtf                                    0x08003baf   Thumb Code    44  sqrtf.o(i.sqrtf)
    _get_lc_numeric                          0x08003bdd   Thumb Code    44  lc_numeric_c.o(locale$$code)
    __aeabi_fadd                             0x08003c09   Thumb Code     0  faddsub.o(x$fpl$fadd)
    _fadd                                    0x08003c09   Thumb Code   134  faddsub.o(x$fpl$fadd)
    __aeabi_fmul                             0x08003c95   Thumb Code     0  fmul.o(x$fpl$fmul)
    _fmul                                    0x08003c95   Thumb Code   172  fmul.o(x$fpl$fmul)
    __aeabi_fsub                             0x08003d45   Thumb Code     0  faddsub.o(x$fpl$fsub)
    _fsub                                    0x08003d45   Thumb Code   204  faddsub.o(x$fpl$fsub)
    _printf_fp_dec                           0x08003e15   Thumb Code    16  printf1.o(x$fpl$printf1)
    __I$use$fp                               0x08003e24   Number         0  usenofp.o(x$fpl$usenofp)
    AHBPrescTable                            0x08003ef8   Data          16  system_stm32l0xx.o(.rodata.AHBPrescTable)
    APBPrescTable                            0x08003f08   Data           8  system_stm32l0xx.o(.rodata.APBPrescTable)
    PLLMulTable                              0x08003f10   Data           9  system_stm32l0xx.o(.rodata.PLLMulTable)
    Region$$Table$$Base                      0x08003f2c   Number         0  anon$$obj.o(Region$$Table)
    Region$$Table$$Limit                     0x08003f4c   Number         0  anon$$obj.o(Region$$Table)
    SystemCoreClock                          0x20000000   Data           4  system_stm32l0xx.o(.data.SystemCoreClock)
    uwTickFreq                               0x20000004   Data           1  stm32l0xx_hal.o(.data.uwTickFreq)
    uwTickPrio                               0x20000008   Data           4  stm32l0xx_hal.o(.data.uwTickPrio)
    __libspace_start                         0x20000010   Data          96  libspace.o(.bss)
    __temporary_stack_top$libspace           0x20000070   Data           0  libspace.o(.bss)
    data_rec                                 0x20000071   Data           6  main.o(.bss.data_rec)
    hi2c1                                    0x20000078   Data          84  main.o(.bss.hi2c1)
    hi2c3                                    0x200000cc   Data          84  main.o(.bss.hi2c3)
    htim6                                    0x20000120   Data          64  main.o(.bss.htim6)
    htim7                                    0x20000160   Data          64  main.o(.bss.htim7)
    huart2                                   0x200001a0   Data         136  main.o(.bss.huart2)
    uart_tx_buffer                           0x20000228   Data         100  main.o(.bss.uart_tx_buffer)
    uwTick                                   0x2000028c   Data           4  stm32l0xx_hal.o(.bss.uwTick)
    x                                        0x20000290   Data           2  main.o(.bss.x)
    x_rms                                    0x20000294   Data           4  main.o(.bss.x_rms)
    xg                                       0x20000298   Data           4  main.o(.bss.xg)
    y                                        0x2000029c   Data           2  main.o(.bss.y)
    y_rms                                    0x200002a0   Data           4  main.o(.bss.y_rms)
    yg                                       0x200002a4   Data           4  main.o(.bss.yg)
    z                                        0x200002a8   Data           2  main.o(.bss.z)
    z_rms                                    0x200002ac   Data           4  main.o(.bss.z_rms)
    zg                                       0x200002b0   Data           4  main.o(.bss.zg)



==============================================================================

Memory Map of the image

  Image Entry point : 0x080000c1

  Load Region LR_IROM1 (Base: 0x08000000, Size: 0x00003f78, Max: 0x00030000, ABSOLUTE)

    Execution Region ER_IROM1 (Exec base: 0x08000000, Load base: 0x08000000, Size: 0x00003f68, Max: 0x00030000, ABSOLUTE)

    Exec Addr    Load Addr    Size         Type   Attr      Idx    E Section Name        Object

    0x08000000   0x08000000   0x000000c0   Data   RO            3    RESET               startup_stm32l073xx.o
    0x080000c0   0x080000c0   0x00000008   Code   RO         1272  * !!!main             c_p.l(__main.o)
    0x080000c8   0x080000c8   0x0000003c   Code   RO         1569    !!!scatter          c_p.l(__scatter.o)
    0x08000104   0x08000104   0x0000001a   Code   RO         1571    !!handler_copy      c_p.l(__scatter_copy.o)
    0x0800011e   0x0800011e   0x00000002   PAD
    0x08000120   0x08000120   0x0000001c   Code   RO         1573    !!handler_zi        c_p.l(__scatter_zi.o)
    0x0800013c   0x0800013c   0x00000002   Code   RO         1255    .ARM.Collect$$_printf_percent$$00000000  c_p.l(_printf_percent.o)
    0x0800013e   0x0800013e   0x0000000a   Code   RO         1254    .ARM.Collect$$_printf_percent$$00000003  c_p.l(_printf_f.o)
    0x08000148   0x08000148   0x00000004   Code   RO         1330    .ARM.Collect$$_printf_percent$$00000017  c_p.l(_printf_percent_end.o)
    0x0800014c   0x0800014c   0x00000002   Code   RO         1432    .ARM.Collect$$libinit$$00000000  c_p.l(libinit.o)
    0x0800014e   0x0800014e   0x00000000   Code   RO         1434    .ARM.Collect$$libinit$$00000002  c_p.l(libinit2.o)
    0x0800014e   0x0800014e   0x00000000   Code   RO         1436    .ARM.Collect$$libinit$$00000004  c_p.l(libinit2.o)
    0x0800014e   0x0800014e   0x00000000   Code   RO         1438    .ARM.Collect$$libinit$$00000006  c_p.l(libinit2.o)
    0x0800014e   0x0800014e   0x00000000   Code   RO         1441    .ARM.Collect$$libinit$$0000000C  c_p.l(libinit2.o)
    0x0800014e   0x0800014e   0x00000000   Code   RO         1443    .ARM.Collect$$libinit$$0000000E  c_p.l(libinit2.o)
    0x0800014e   0x0800014e   0x00000000   Code   RO         1445    .ARM.Collect$$libinit$$00000010  c_p.l(libinit2.o)
    0x0800014e   0x0800014e   0x00000006   Code   RO         1446    .ARM.Collect$$libinit$$00000011  c_p.l(libinit2.o)
    0x08000154   0x08000154   0x00000000   Code   RO         1448    .ARM.Collect$$libinit$$00000013  c_p.l(libinit2.o)
    0x08000154   0x08000154   0x00000000   Code   RO         1450    .ARM.Collect$$libinit$$00000015  c_p.l(libinit2.o)
    0x08000154   0x08000154   0x00000000   Code   RO         1452    .ARM.Collect$$libinit$$00000017  c_p.l(libinit2.o)
    0x08000154   0x08000154   0x0000000a   Code   RO         1453    .ARM.Collect$$libinit$$00000018  c_p.l(libinit2.o)
    0x0800015e   0x0800015e   0x00000000   Code   RO         1454    .ARM.Collect$$libinit$$00000019  c_p.l(libinit2.o)
    0x0800015e   0x0800015e   0x00000000   Code   RO         1456    .ARM.Collect$$libinit$$0000001B  c_p.l(libinit2.o)
    0x0800015e   0x0800015e   0x00000000   Code   RO         1458    .ARM.Collect$$libinit$$0000001D  c_p.l(libinit2.o)
    0x0800015e   0x0800015e   0x00000000   Code   RO         1460    .ARM.Collect$$libinit$$0000001F  c_p.l(libinit2.o)
    0x0800015e   0x0800015e   0x00000000   Code   RO         1462    .ARM.Collect$$libinit$$00000021  c_p.l(libinit2.o)
    0x0800015e   0x0800015e   0x00000000   Code   RO         1464    .ARM.Collect$$libinit$$00000023  c_p.l(libinit2.o)
    0x0800015e   0x0800015e   0x00000000   Code   RO         1466    .ARM.Collect$$libinit$$00000025  c_p.l(libinit2.o)
    0x0800015e   0x0800015e   0x00000000   Code   RO         1468    .ARM.Collect$$libinit$$00000027  c_p.l(libinit2.o)
    0x0800015e   0x0800015e   0x00000000   Code   RO         1472    .ARM.Collect$$libinit$$0000002E  c_p.l(libinit2.o)
    0x0800015e   0x0800015e   0x00000000   Code   RO         1474    .ARM.Collect$$libinit$$00000030  c_p.l(libinit2.o)
    0x0800015e   0x0800015e   0x00000000   Code   RO         1476    .ARM.Collect$$libinit$$00000032  c_p.l(libinit2.o)
    0x0800015e   0x0800015e   0x00000000   Code   RO         1478    .ARM.Collect$$libinit$$00000034  c_p.l(libinit2.o)
    0x0800015e   0x0800015e   0x00000002   Code   RO         1479    .ARM.Collect$$libinit$$00000035  c_p.l(libinit2.o)
    0x08000160   0x08000160   0x00000002   Code   RO         1535    .ARM.Collect$$libshutdown$$00000000  c_p.l(libshutdown.o)
    0x08000162   0x08000162   0x00000000   Code   RO         1553    .ARM.Collect$$libshutdown$$00000002  c_p.l(libshutdown2.o)
    0x08000162   0x08000162   0x00000000   Code   RO         1555    .ARM.Collect$$libshutdown$$00000004  c_p.l(libshutdown2.o)
    0x08000162   0x08000162   0x00000000   Code   RO         1558    .ARM.Collect$$libshutdown$$00000007  c_p.l(libshutdown2.o)
    0x08000162   0x08000162   0x00000000   Code   RO         1561    .ARM.Collect$$libshutdown$$0000000A  c_p.l(libshutdown2.o)
    0x08000162   0x08000162   0x00000000   Code   RO         1563    .ARM.Collect$$libshutdown$$0000000C  c_p.l(libshutdown2.o)
    0x08000162   0x08000162   0x00000000   Code   RO         1566    .ARM.Collect$$libshutdown$$0000000F  c_p.l(libshutdown2.o)
    0x08000162   0x08000162   0x00000002   Code   RO         1567    .ARM.Collect$$libshutdown$$00000010  c_p.l(libshutdown2.o)
    0x08000164   0x08000164   0x00000000   Code   RO         1311    .ARM.Collect$$rtentry$$00000000  c_p.l(__rtentry.o)
    0x08000164   0x08000164   0x00000000   Code   RO         1358    .ARM.Collect$$rtentry$$00000002  c_p.l(__rtentry2.o)
    0x08000164   0x08000164   0x00000006   Code   RO         1370    .ARM.Collect$$rtentry$$00000004  c_p.l(__rtentry4.o)
    0x0800016a   0x0800016a   0x00000000   Code   RO         1360    .ARM.Collect$$rtentry$$00000009  c_p.l(__rtentry2.o)
    0x0800016a   0x0800016a   0x00000004   Code   RO         1361    .ARM.Collect$$rtentry$$0000000A  c_p.l(__rtentry2.o)
    0x0800016e   0x0800016e   0x00000000   Code   RO         1363    .ARM.Collect$$rtentry$$0000000C  c_p.l(__rtentry2.o)
    0x0800016e   0x0800016e   0x00000008   Code   RO         1364    .ARM.Collect$$rtentry$$0000000D  c_p.l(__rtentry2.o)
    0x08000176   0x08000176   0x00000002   Code   RO         1481    .ARM.Collect$$rtexit$$00000000  c_p.l(rtexit.o)
    0x08000178   0x08000178   0x00000000   Code   RO         1500    .ARM.Collect$$rtexit$$00000002  c_p.l(rtexit2.o)
    0x08000178   0x08000178   0x00000004   Code   RO         1501    .ARM.Collect$$rtexit$$00000003  c_p.l(rtexit2.o)
    0x0800017c   0x0800017c   0x00000006   Code   RO         1502    .ARM.Collect$$rtexit$$00000004  c_p.l(rtexit2.o)
    0x08000182   0x08000182   0x00000002   PAD
    0x08000184   0x08000184   0x00000038   Code   RO            4    .text               startup_stm32l073xx.o
    0x080001bc   0x080001bc   0x00000110   Code   RO         1226    .text               c_p.l(lludiv.o)
    0x080002cc   0x080002cc   0x00000040   Code   RO         1230    .text               c_p.l(noretval__2snprintf.o)
    0x0800030c   0x0800030c   0x0000010e   Code   RO         1242    .text               c_p.l(__printf_wp.o)
    0x0800041a   0x0800041a   0x00000002   PAD
    0x0800041c   0x0800041c   0x00000044   Code   RO         1256    .text               c_p.l(strlen.o)
    0x08000460   0x08000460   0x00000040   Code   RO         1264    .text               c_p.l(rt_memclr.o)
    0x080004a0   0x080004a0   0x0000016c   Code   RO         1266    .text               c_p.l(aeabi_sdiv.o)
    0x0800060c   0x0800060c   0x00000006   Code   RO         1270    .text               c_p.l(heapauxi.o)
    0x08000612   0x08000612   0x00000002   PAD
    0x08000614   0x08000614   0x0000007c   Code   RO         1274    .text               fz_ps.l(d2f.o)
    0x08000690   0x08000690   0x00000058   Code   RO         1276    .text               fz_ps.l(dflti.o)
    0x080006e8   0x080006e8   0x00000248   Code   RO         1278    .text               fz_ps.l(dmul.o)
    0x08000930   0x08000930   0x00000054   Code   RO         1280    .text               fz_ps.l(f2d.o)
    0x08000984   0x08000984   0x00000160   Code   RO         1288    .text               fz_ps.l(fdiv.o)
    0x08000ae4   0x08000ae4   0x00000016   Code   RO         1320    .text               c_p.l(_rserrno.o)
    0x08000afa   0x08000afa   0x00000002   PAD
    0x08000afc   0x08000afc   0x00000414   Code   RO         1322    .text               c_p.l(_printf_fp_dec.o)
    0x08000f10   0x08000f10   0x00000030   Code   RO         1326    .text               c_p.l(_printf_char_common.o)
    0x08000f40   0x08000f40   0x00000010   Code   RO         1328    .text               c_p.l(_snputc.o)
    0x08000f50   0x08000f50   0x00000090   Code   RO         1333    .text               fz_ps.l(fsqrt.o)
    0x08000fe0   0x08000fe0   0x00000008   Code   RO         1377    .text               c_p.l(rt_locale_intlibspace.o)
    0x08000fe8   0x08000fe8   0x00000008   Code   RO         1382    .text               c_p.l(rt_errno_addr_intlibspace.o)
    0x08000ff0   0x08000ff0   0x0000007a   Code   RO         1384    .text               c_p.l(lludiv10.o)
    0x0800106a   0x0800106a   0x00000002   PAD
    0x0800106c   0x0800106c   0x00000088   Code   RO         1386    .text               c_p.l(_printf_fp_infnan.o)
    0x080010f4   0x080010f4   0x000000d8   Code   RO         1390    .text               c_p.l(bigflt0.o)
    0x080011cc   0x080011cc   0x00000580   Code   RO         1393    .text               c_p.l(btod.o)
    0x0800174c   0x0800174c   0x00000028   Code   RO         1403    .text               c_p.l(rtudiv10.o)
    0x08001774   0x08001774   0x00000008   Code   RO         1411    .text               c_p.l(libspace.o)
    0x0800177c   0x0800177c   0x0000003e   Code   RO         1414    .text               c_p.l(sys_stackheap_outer.o)
    0x080017ba   0x080017ba   0x00000010   Code   RO         1419    .text               c_p.l(exit.o)
    0x080017ca   0x080017ca   0x00000002   PAD
    0x080017cc   0x080017cc   0x00000088   Code   RO         1425    .text               c_p.l(strcmp.o)
    0x08001854   0x08001854   0x0000000c   Code   RO         1495    .text               c_p.l(sys_exit.o)
    0x08001860   0x08001860   0x00000002   Code   RO         1522    .text               c_p.l(use_no_semi.o)
    0x08001862   0x08001862   0x00000000   Code   RO         1524    .text               c_p.l(indicate_semi.o)
    0x08001862   0x08001862   0x00000002   PAD
    0x08001864   0x08001864   0x00000184   Code   RO          525    .text.HAL_GPIO_Init  stm32l0xx_hal_gpio.o
    0x080019e8   0x080019e8   0x0000000c   Code   RO          287    .text.HAL_GetTick   stm32l0xx_hal.o
    0x080019f4   0x080019f4   0x00000042   Code   RO          255    .text.HAL_I2CEx_ConfigAnalogFilter  stm32l0xx_hal_i2c_ex.o
    0x08001a36   0x08001a36   0x00000042   Code   RO          257    .text.HAL_I2CEx_ConfigDigitalFilter  stm32l0xx_hal_i2c_ex.o
    0x08001a78   0x08001a78   0x000000a4   Code   RO           97    .text.HAL_I2C_Init  stm32l0xx_hal_i2c.o
    0x08001b1c   0x08001b1c   0x00000154   Code   RO          105    .text.HAL_I2C_Master_Transmit  stm32l0xx_hal_i2c.o
    0x08001c70   0x08001c70   0x00000204   Code   RO          159    .text.HAL_I2C_Mem_Read  stm32l0xx_hal_i2c.o
    0x08001e74   0x08001e74   0x000000c4   Code   RO           77    .text.HAL_I2C_MspInit  stm32l0xx_hal_msp.o
    0x08001f38   0x08001f38   0x00000014   Code   RO          285    .text.HAL_IncTick   stm32l0xx_hal.o
    0x08001f4c   0x08001f4c   0x00000028   Code   RO          275    .text.HAL_Init      stm32l0xx_hal.o
    0x08001f74   0x08001f74   0x00000048   Code   RO          277    .text.HAL_InitTick  stm32l0xx_hal.o
    0x08001fbc   0x08001fbc   0x00000018   Code   RO           75    .text.HAL_MspInit   stm32l0xx_hal_msp.o
    0x08001fd4   0x08001fd4   0x00000018   Code   RO          647    .text.HAL_NVIC_EnableIRQ  stm32l0xx_hal_cortex.o
    0x08001fec   0x08001fec   0x00000038   Code   RO          645    .text.HAL_NVIC_SetPriority  stm32l0xx_hal_cortex.o
    0x08002024   0x08002024   0x00000204   Code   RO          382    .text.HAL_RCCEx_PeriphCLKConfig  stm32l0xx_hal_rcc_ex.o
    0x08002228   0x08002228   0x00000198   Code   RO          354    .text.HAL_RCC_ClockConfig  stm32l0xx_hal_rcc.o
    0x080023c0   0x080023c0   0x00000014   Code   RO          362    .text.HAL_RCC_GetPCLK1Freq  stm32l0xx_hal_rcc.o
    0x080023d4   0x080023d4   0x00000020   Code   RO          364    .text.HAL_RCC_GetPCLK2Freq  stm32l0xx_hal_rcc.o
    0x080023f4   0x080023f4   0x00000070   Code   RO          352    .text.HAL_RCC_GetSysClockFreq  stm32l0xx_hal_rcc.o
    0x08002464   0x08002464   0x00000508   Code   RO          350    .text.HAL_RCC_OscConfig  stm32l0xx_hal_rcc.o
    0x0800296c   0x0800296c   0x00000034   Code   RO          653    .text.HAL_SYSTICK_Config  stm32l0xx_hal_cortex.o
    0x080029a0   0x080029a0   0x00000058   Code   RO          932    .text.HAL_TIMEx_MasterConfigSynchronization  stm32l0xx_hal_tim_ex.o
    0x080029f8   0x080029f8   0x00000042   Code   RO          709    .text.HAL_TIM_Base_Init  stm32l0xx_hal_tim.o
    0x08002a3a   0x08002a3a   0x00000002   PAD
    0x08002a3c   0x08002a3c   0x00000048   Code   RO           81    .text.HAL_TIM_Base_MspInit  stm32l0xx_hal_msp.o
    0x08002a84   0x08002a84   0x00000060   Code   RO          723    .text.HAL_TIM_Base_Start_IT  stm32l0xx_hal_tim.o
    0x08002ae4   0x08002ae4   0x00000002   Code   RO          843    .text.HAL_TIM_IC_CaptureCallback  stm32l0xx_hal_tim.o
    0x08002ae6   0x08002ae6   0x00000116   Code   RO          841    .text.HAL_TIM_IRQHandler  stm32l0xx_hal_tim.o
    0x08002bfc   0x08002bfc   0x00000002   Code   RO          845    .text.HAL_TIM_OC_DelayElapsedCallback  stm32l0xx_hal_tim.o
    0x08002bfe   0x08002bfe   0x00000002   Code   RO          847    .text.HAL_TIM_PWM_PulseFinishedCallback  stm32l0xx_hal_tim.o
    0x08002c00   0x08002c00   0x000001b0   Code   RO           23    .text.HAL_TIM_PeriodElapsedCallback  main.o
    0x08002db0   0x08002db0   0x00000002   Code   RO          851    .text.HAL_TIM_TriggerCallback  stm32l0xx_hal_tim.o
    0x08002db2   0x08002db2   0x0000006a   Code   RO          944    .text.HAL_UART_Init  stm32l0xx_hal_uart.o
    0x08002e1c   0x08002e1c   0x00000050   Code   RO           85    .text.HAL_UART_MspInit  stm32l0xx_hal_msp.o
    0x08002e6c   0x08002e6c   0x000000d0   Code   RO          964    .text.HAL_UART_Transmit  stm32l0xx_hal_uart.o
    0x08002f3c   0x08002f3c   0x00000002   Code   RO           58    .text.HardFault_Handler  stm32l0xx_it.o
    0x08002f3e   0x08002f3e   0x00000002   PAD
    0x08002f40   0x08002f40   0x00000104   Code   RO          245    .text.I2C_IsErrorOccurred  stm32l0xx_hal_i2c.o
    0x08003044   0x08003044   0x00000078   Code   RO          107    .text.I2C_WaitOnFlagUntilTimeout  stm32l0xx_hal_i2c.o
    0x080030bc   0x080030bc   0x00000064   Code   RO          111    .text.I2C_WaitOnSTOPFlagUntilTimeout  stm32l0xx_hal_i2c.o
    0x08003120   0x08003120   0x0000006a   Code   RO          109    .text.I2C_WaitOnTXISFlagUntilTimeout  stm32l0xx_hal_i2c.o
    0x0800318a   0x0800318a   0x00000002   Code   RO           56    .text.NMI_Handler   stm32l0xx_it.o
    0x0800318c   0x0800318c   0x00000002   Code   RO           62    .text.PendSV_Handler  stm32l0xx_it.o
    0x0800318e   0x0800318e   0x00000002   Code   RO           60    .text.SVC_Handler   stm32l0xx_it.o
    0x08003190   0x08003190   0x00000008   Code   RO           64    .text.SysTick_Handler  stm32l0xx_it.o
    0x08003198   0x08003198   0x0000009c   Code   RO           21    .text.SystemClock_Config  main.o
    0x08003234   0x08003234   0x00000002   Code   RO         1113    .text.SystemInit    system_stm32l0xx.o
    0x08003236   0x08003236   0x00000002   PAD
    0x08003238   0x08003238   0x00000010   Code   RO           66    .text.TIM6_DAC_IRQHandler  stm32l0xx_it.o
    0x08003248   0x08003248   0x00000080   Code   RO          713    .text.TIM_Base_SetConfig  stm32l0xx_hal_tim.o
    0x080032c8   0x080032c8   0x000000b8   Code   RO          950    .text.UART_AdvFeatureConfig  stm32l0xx_hal_uart.o
    0x08003380   0x08003380   0x000000bc   Code   RO          952    .text.UART_CheckIdleState  stm32l0xx_hal_uart.o
    0x0800343c   0x0800343c   0x0000005a   Code   RO          998    .text.UART_EndRxTransfer  stm32l0xx_hal_uart.o
    0x08003496   0x08003496   0x00000002   PAD
    0x08003498   0x08003498   0x00000204   Code   RO          948    .text.UART_SetConfig  stm32l0xx_hal_uart.o
    0x0800369c   0x0800369c   0x00000098   Code   RO          966    .text.UART_WaitOnFlagUntilTimeout  stm32l0xx_hal_uart.o
    0x08003734   0x08003734   0x0000006c   Code   RO           15    .text.adxl_init     main.o
    0x080037a0   0x080037a0   0x00000094   Code   RO         1211    .text.lcd_init      i2c-lcd.o
    0x08003834   0x08003834   0x00000034   Code   RO         1207    .text.lcd_send_cmd  i2c-lcd.o
    0x08003868   0x08003868   0x00000034   Code   RO         1209    .text.lcd_send_data  i2c-lcd.o
    0x0800389c   0x0800389c   0x00000034   Code   RO         1215    .text.lcd_send_float  i2c-lcd.o
    0x080038d0   0x080038d0   0x0000001c   Code   RO         1213    .text.lcd_send_string  i2c-lcd.o
    0x080038ec   0x080038ec   0x000001d8   Code   RO           19    .text.main          main.o
    0x08003ac4   0x08003ac4   0x00000080   Code   RO           17    .text.send_sensor_data_via_uart  main.o
    0x08003b44   0x08003b44   0x00000030   Code   RO         1396    i.__ARM_common_ll_muluu  c_p.l(btod.o)
    0x08003b74   0x08003b74   0x0000002c   Code   RO         1409    i.__ARM_fpclassify  m_ps.l(fpclassify.o)
    0x08003ba0   0x08003ba0   0x0000000e   Code   RO         1244    i._is_digit         c_p.l(__printf_wp.o)
    0x08003bae   0x08003bae   0x0000002c   Code   RO         1308    i.sqrtf             m_ps.l(sqrtf.o)
    0x08003bda   0x08003bda   0x00000002   PAD
    0x08003bdc   0x08003bdc   0x0000002c   Code   RO         1401    locale$$code        c_p.l(lc_numeric_c.o)
    0x08003c08   0x08003c08   0x0000008c   Code   RO         1282    x$fpl$fadd          fz_ps.l(faddsub.o)
    0x08003c94   0x08003c94   0x000000b0   Code   RO         1295    x$fpl$fmul          fz_ps.l(fmul.o)
    0x08003d44   0x08003d44   0x000000d0   Code   RO         1284    x$fpl$fsub          fz_ps.l(faddsub.o)
    0x08003e14   0x08003e14   0x00000010   Code   RO         1297    x$fpl$printf1       fz_ps.l(printf1.o)
    0x08003e24   0x08003e24   0x00000000   Code   RO         1335    x$fpl$usenofp       fz_ps.l(usenofp.o)
    0x08003e24   0x08003e24   0x00000040   Data   RO         1289    .constdata          fz_ps.l(fdiv.o)
    0x08003e64   0x08003e64   0x00000094   Data   RO         1391    .constdata          c_p.l(bigflt0.o)
    0x08003ef8   0x08003ef8   0x00000010   Data   RO         1118    .rodata.AHBPrescTable  system_stm32l0xx.o
    0x08003f08   0x08003f08   0x00000008   Data   RO         1119    .rodata.APBPrescTable  system_stm32l0xx.o
    0x08003f10   0x08003f10   0x00000009   Data   RO         1120    .rodata.PLLMulTable  system_stm32l0xx.o
    0x08003f19   0x08003f19   0x00000003   PAD
    0x08003f1c   0x08003f1c   0x00000010   Data   RO         1072    .rodata.cst16       stm32l0xx_hal_uart.o
    0x08003f2c   0x08003f2c   0x00000020   Data   RO         1568    Region$$Table       anon$$obj.o
    0x08003f4c   0x08003f4c   0x0000001c   Data   RO         1400    locale$$data        c_p.l(lc_numeric_c.o)


    Execution Region RW_IRAM1 (Exec base: 0x20000000, Load base: 0x08003f68, Size: 0x000008b8, Max: 0x00005000, ABSOLUTE)

    Exec Addr    Load Addr    Size         Type   Attr      Idx    E Section Name        Object

    0x20000000   0x08003f68   0x00000004   Data   RW         1117    .data.SystemCoreClock  system_stm32l0xx.o
    0x20000004   0x08003f6c   0x00000001   Data   RW          338    .data.uwTickFreq    stm32l0xx_hal.o
    0x20000005   0x08003f6d   0x00000003   PAD
    0x20000008   0x08003f70   0x00000004   Data   RW          337    .data.uwTickPrio    stm32l0xx_hal.o
    0x2000000c   0x08003f74   0x00000004   PAD
    0x20000010        -       0x00000060   Zero   RW         1412    .bss                c_p.l(libspace.o)
    0x20000070        -       0x00000001   Zero   RW           42    .bss.HAL_TIM_PeriodElapsedCallback.cycle_count  main.o
    0x20000071        -       0x00000006   Zero   RW           28    .bss.data_rec       main.o
    0x20000077   0x08003f74   0x00000001   PAD
    0x20000078        -       0x00000054   Zero   RW           27    .bss.hi2c1          main.o
    0x200000cc        -       0x00000054   Zero   RW           43    .bss.hi2c3          main.o
    0x20000120        -       0x00000040   Zero   RW           31    .bss.htim6          main.o
    0x20000160        -       0x00000040   Zero   RW           32    .bss.htim7          main.o
    0x200001a0        -       0x00000088   Zero   RW           30    .bss.huart2         main.o
    0x20000228        -       0x00000064   Zero   RW           29    .bss.uart_tx_buffer  main.o
    0x2000028c        -       0x00000004   Zero   RW          339    .bss.uwTick         stm32l0xx_hal.o
    0x20000290        -       0x00000002   Zero   RW           33    .bss.x              main.o
    0x20000292   0x08003f74   0x00000002   PAD
    0x20000294        -       0x00000004   Zero   RW           39    .bss.x_rms          main.o
    0x20000298        -       0x00000004   Zero   RW           36    .bss.xg             main.o
    0x2000029c        -       0x00000002   Zero   RW           34    .bss.y              main.o
    0x2000029e   0x08003f74   0x00000002   PAD
    0x200002a0        -       0x00000004   Zero   RW           40    .bss.y_rms          main.o
    0x200002a4        -       0x00000004   Zero   RW           37    .bss.yg             main.o
    0x200002a8        -       0x00000002   Zero   RW           35    .bss.z              main.o
    0x200002aa   0x08003f74   0x00000002   PAD
    0x200002ac        -       0x00000004   Zero   RW           41    .bss.z_rms          main.o
    0x200002b0        -       0x00000004   Zero   RW           38    .bss.zg             main.o
    0x200002b4   0x08003f74   0x00000004   PAD
    0x200002b8        -       0x00000200   Zero   RW            2    HEAP                startup_stm32l073xx.o
    0x200004b8        -       0x00000400   Zero   RW            1    STACK               startup_stm32l073xx.o


==============================================================================

Image component sizes


      Code (inc. data)   RO Data    RW Data    ZI Data      Debug   Object Name

       332          4          0          0          0       3317   i2c-lcd.o
      1296        180          0          0        569      11774   main.o
        56         26        192          0       1536        608   startup_stm32l073xx.o
       144         24          0          5          4       6773   stm32l0xx_hal.o
       132         24          0          0          0       6631   stm32l0xx_hal_cortex.o
       388         16          0          0          0       5035   stm32l0xx_hal_gpio.o
      1606         48          0          0          0      54942   stm32l0xx_hal_i2c.o
       132          0          0          0          0       5424   stm32l0xx_hal_i2c_ex.o
       372         44          0          0          0       9435   stm32l0xx_hal_msp.o
      1860         80          0          0          0       8666   stm32l0xx_hal_rcc.o
       516          8          0          0          0       7846   stm32l0xx_hal_rcc_ex.o
       576         32          0          0          0      50567   stm32l0xx_hal_tim.o
        88          0          0          0          0       4336   stm32l0xx_hal_tim_ex.o
      1444        110         16          0          0      37359   stm32l0xx_hal_uart.o
        32          4          0          0          0       1657   stm32l0xx_it.o
         2          0         33          4          0       2063   system_stm32l0xx.o

    ----------------------------------------------------------------------
      8984        600        276         12       2124     216433   Object Totals
         0          0         32          0          0          0   (incl. Generated)
         8          0          3          3         15          0   (incl. Padding)

    ----------------------------------------------------------------------

      Code (inc. data)   RO Data    RW Data    ZI Data      Debug   Library Member Name

         8          0          0          0          0         68   __main.o
       284          0          0          0          0        136   __printf_wp.o
         0          0          0          0          0          0   __rtentry.o
        12          0          0          0          0          0   __rtentry2.o
         6          0          0          0          0          0   __rtentry4.o
        60          8          0          0          0          0   __scatter.o
        26          0          0          0          0          0   __scatter_copy.o
        28          0          0          0          0          0   __scatter_zi.o
        48          6          0          0          0         88   _printf_char_common.o
        10          0          0          0          0          0   _printf_f.o
      1044         12          0          0          0        116   _printf_fp_dec.o
       136         16          0          0          0         76   _printf_fp_infnan.o
         2          0          0          0          0          0   _printf_percent.o
         4          0          0          0          0          0   _printf_percent_end.o
        22          0          0          0          0         92   _rserrno.o
        16          0          0          0          0         60   _snputc.o
       364          4          0          0          0         92   aeabi_sdiv.o
       216          6        148          0          0         80   bigflt0.o
      1456         30          0          0          0        336   btod.o
        16          0          0          0          0         68   exit.o
         6          0          0          0          0        136   heapauxi.o
         0          0          0          0          0          0   indicate_semi.o
        44         10         28          0          0         76   lc_numeric_c.o
         2          0          0          0          0          0   libinit.o
        18          0          0          0          0          0   libinit2.o
         2          0          0          0          0          0   libshutdown.o
         2          0          0          0          0          0   libshutdown2.o
         8          4          0          0         96         68   libspace.o
       272          0          0          0          0         88   lludiv.o
       122          0          0          0          0         72   lludiv10.o
        64          4          0          0          0         84   noretval__2snprintf.o
         8          4          0          0          0         68   rt_errno_addr_intlibspace.o
         8          4          0          0          0         68   rt_locale_intlibspace.o
        64          0          0          0          0        108   rt_memclr.o
         2          0          0          0          0          0   rtexit.o
        10          0          0          0          0          0   rtexit2.o
        40          0          0          0          0         60   rtudiv10.o
       136          4          0          0          0         72   strcmp.o
        68          6          0          0          0         72   strlen.o
        12          4          0          0          0         60   sys_exit.o
        62          0          0          0          0         80   sys_stackheap_outer.o
         2          0          0          0          0         68   use_no_semi.o
       124          4          0          0          0         72   d2f.o
        88          0          0          0          0         92   dflti.o
       584         26          0          0          0         84   dmul.o
        84          4          0          0          0         60   f2d.o
       348          8          0          0          0        160   faddsub.o
       352         10         64          0          0         92   fdiv.o
       176          4          0          0          0         80   fmul.o
       144          4          0          0          0         72   fsqrt.o
        16          4          0          0          0         76   printf1.o
         0          0          0          0          0          0   usenofp.o
        44          4          0          0          0         60   fpclassify.o
        44          0          0          0          0         72   sqrtf.o

    ----------------------------------------------------------------------
      6732        190        240          0         96       3312   Library Totals
        18          0          0          0          0          0   (incl. Padding)

    ----------------------------------------------------------------------

      Code (inc. data)   RO Data    RW Data    ZI Data      Debug   Library Name

      4710        122        176          0         96       2392   c_p.l
      1916         64         64          0          0        788   fz_ps.l
        88          4          0          0          0        132   m_ps.l

    ----------------------------------------------------------------------
      6732        190        240          0         96       3312   Library Totals

    ----------------------------------------------------------------------

==============================================================================


      Code (inc. data)   RO Data    RW Data    ZI Data      Debug   

     15716        790        516         12       2220     217857   Grand Totals
     15716        790        516         12       2220     217857   ELF Image Totals
     15716        790        516         12          0          0   ROM Totals

==============================================================================

    Total RO  Size (Code + RO Data)                16232 (  15.85kB)
    Total RW  Size (RW Data + ZI Data)              2232 (   2.18kB)
    Total ROM Size (Code + RO Data + RW Data)      16244 (  15.86kB)

==============================================================================

